Component: ARM Compiler 5.06 update 7 (build 960) Tool: armlink [4d3601]

==============================================================================

Section Cross References

    main.o(i.PrintfHelp) refers to printf8.o(i.__0printf$8) for __2printf
    main.o(i.PrintfLogo) refers to printf8.o(i.__0printf$8) for __2printf
    main.o(i.main) refers to bsp.o(i.bsp_Init) for bsp_Init
    main.o(i.main) refers to main.o(i.PrintfLogo) for PrintfLogo
    main.o(i.main) refers to bsp_led.o(i.bsp_LedOn) for bsp_LedOn
    bsp_led.o(i.bsp_InitLed) refers to stm32f10x_rcc.o(i.RCC_APB2PeriphClockCmd) for RCC_APB2PeriphClockCmd
    bsp_led.o(i.bsp_InitLed) refers to bsp_led.o(i.bsp_LedOff) for bsp_LedOff
    bsp_led.o(i.bsp_InitLed) refers to stm32f10x_gpio.o(i.GPIO_Init) for GPIO_Init
    bsp_timer.o(i.SysTick_Handler) refers to bsp_timer.o(i.SysTick_ISR) for SysTick_ISR
    bsp_timer.o(i.SysTick_ISR) refers to bsp_timer.o(i.bsp_SoftTimerDec) for bsp_SoftTimerDec
    bsp_timer.o(i.SysTick_ISR) refers to bsp.o(i.bsp_RunPer1ms) for bsp_RunPer1ms
    bsp_timer.o(i.SysTick_ISR) refers to bsp_timer.o(.data) for s_uiDelayCount
    bsp_timer.o(i.SysTick_ISR) refers to bsp_timer.o(.bss) for s_tTmr
    bsp_timer.o(i.TIM2_IRQHandler) refers to stm32f10x_tim.o(i.TIM_GetITStatus) for TIM_GetITStatus
    bsp_timer.o(i.TIM2_IRQHandler) refers to stm32f10x_tim.o(i.TIM_ClearITPendingBit) for TIM_ClearITPendingBit
    bsp_timer.o(i.TIM2_IRQHandler) refers to stm32f10x_tim.o(i.TIM_ITConfig) for TIM_ITConfig
    bsp_timer.o(i.TIM2_IRQHandler) refers to bsp_timer.o(.data) for s_TIM_CallBack1
    bsp_timer.o(i.bsp_CheckRunTime) refers to bsp_timer.o(i.__set_PRIMASK) for __set_PRIMASK
    bsp_timer.o(i.bsp_CheckRunTime) refers to bsp_timer.o(.data) for g_iRunTime
    bsp_timer.o(i.bsp_CheckTimer) refers to bsp_timer.o(.bss) for s_tTmr
    bsp_timer.o(i.bsp_DelayMS) refers to bsp_timer.o(i.__set_PRIMASK) for __set_PRIMASK
    bsp_timer.o(i.bsp_DelayMS) refers to bsp.o(i.bsp_Idle) for bsp_Idle
    bsp_timer.o(i.bsp_DelayMS) refers to bsp_timer.o(.data) for s_uiDelayCount
    bsp_timer.o(i.bsp_DelayUS) refers to system_stm32f10x.o(.data) for SystemCoreClock
    bsp_timer.o(i.bsp_GetRunTime) refers to bsp_timer.o(i.__set_PRIMASK) for __set_PRIMASK
    bsp_timer.o(i.bsp_GetRunTime) refers to bsp_timer.o(.data) for g_iRunTime
    bsp_timer.o(i.bsp_InitHardTimer) refers to stm32f10x_rcc.o(i.RCC_APB1PeriphClockCmd) for RCC_APB1PeriphClockCmd
    bsp_timer.o(i.bsp_InitHardTimer) refers to stm32f10x_tim.o(i.TIM_TimeBaseInit) for TIM_TimeBaseInit
    bsp_timer.o(i.bsp_InitHardTimer) refers to stm32f10x_tim.o(i.TIM_Cmd) for TIM_Cmd
    bsp_timer.o(i.bsp_InitHardTimer) refers to misc.o(i.NVIC_Init) for NVIC_Init
    bsp_timer.o(i.bsp_InitHardTimer) refers to system_stm32f10x.o(.data) for SystemCoreClock
    bsp_timer.o(i.bsp_InitTimer) refers to bsp_timer.o(i.bsp_InitHardTimer) for bsp_InitHardTimer
    bsp_timer.o(i.bsp_InitTimer) refers to bsp_timer.o(.bss) for s_tTmr
    bsp_timer.o(i.bsp_InitTimer) refers to system_stm32f10x.o(.data) for SystemCoreClock
    bsp_timer.o(i.bsp_StartAutoTimer) refers to printf8.o(i.__0printf$8) for __2printf
    bsp_timer.o(i.bsp_StartAutoTimer) refers to bsp_timer.o(i.__set_PRIMASK) for __set_PRIMASK
    bsp_timer.o(i.bsp_StartAutoTimer) refers to bsp_timer.o(.constdata) for __FUNCTION__
    bsp_timer.o(i.bsp_StartAutoTimer) refers to bsp_timer.o(.bss) for s_tTmr
    bsp_timer.o(i.bsp_StartHardTimer) refers to stm32f10x_tim.o(i.TIM_GetCounter) for TIM_GetCounter
    bsp_timer.o(i.bsp_StartHardTimer) refers to stm32f10x_tim.o(i.TIM_SetCompare1) for TIM_SetCompare1
    bsp_timer.o(i.bsp_StartHardTimer) refers to stm32f10x_tim.o(i.TIM_ClearITPendingBit) for TIM_ClearITPendingBit
    bsp_timer.o(i.bsp_StartHardTimer) refers to stm32f10x_tim.o(i.TIM_ITConfig) for TIM_ITConfig
    bsp_timer.o(i.bsp_StartHardTimer) refers to stm32f10x_tim.o(i.TIM_SetCompare2) for TIM_SetCompare2
    bsp_timer.o(i.bsp_StartHardTimer) refers to stm32f10x_tim.o(i.TIM_SetCompare3) for TIM_SetCompare3
    bsp_timer.o(i.bsp_StartHardTimer) refers to stm32f10x_tim.o(i.TIM_SetCompare4) for TIM_SetCompare4
    bsp_timer.o(i.bsp_StartHardTimer) refers to bsp_timer.o(.data) for s_TIM_CallBack1
    bsp_timer.o(i.bsp_StartTimer) refers to printf8.o(i.__0printf$8) for __2printf
    bsp_timer.o(i.bsp_StartTimer) refers to bsp_timer.o(i.__set_PRIMASK) for __set_PRIMASK
    bsp_timer.o(i.bsp_StartTimer) refers to bsp_timer.o(.constdata) for __FUNCTION__
    bsp_timer.o(i.bsp_StartTimer) refers to bsp_timer.o(.bss) for s_tTmr
    bsp_timer.o(i.bsp_StopTimer) refers to printf8.o(i.__0printf$8) for __2printf
    bsp_timer.o(i.bsp_StopTimer) refers to bsp_timer.o(i.__set_PRIMASK) for __set_PRIMASK
    bsp_timer.o(i.bsp_StopTimer) refers to bsp_timer.o(.constdata) for __FUNCTION__
    bsp_timer.o(i.bsp_StopTimer) refers to bsp_timer.o(.bss) for s_tTmr
    bsp.o(i.bsp_Init) refers to misc.o(i.NVIC_PriorityGroupConfig) for NVIC_PriorityGroupConfig
    bsp.o(i.bsp_Init) refers to bsp_led.o(i.bsp_InitLed) for bsp_InitLed
    bsp.o(i.bsp_Init) refers to bsp_timer.o(i.bsp_InitTimer) for bsp_InitTimer
    bsp.o(i.bsp_Init) refers to bsp_uart_fifo.o(i.bsp_InitUart) for bsp_InitUart
    bsp_uart_fifo.o(i.ComToUart) refers to bsp_uart_fifo.o(.bss) for g_tUart1
    bsp_uart_fifo.o(i.ConfigUartNVIC) refers to misc.o(i.NVIC_Init) for NVIC_Init
    bsp_uart_fifo.o(i.InitHardUart) refers to stm32f10x_rcc.o(i.RCC_APB2PeriphClockCmd) for RCC_APB2PeriphClockCmd
    bsp_uart_fifo.o(i.InitHardUart) refers to stm32f10x_gpio.o(i.GPIO_Init) for GPIO_Init
    bsp_uart_fifo.o(i.InitHardUart) refers to stm32f10x_usart.o(i.USART_Init) for USART_Init
    bsp_uart_fifo.o(i.InitHardUart) refers to stm32f10x_usart.o(i.USART_ITConfig) for USART_ITConfig
    bsp_uart_fifo.o(i.InitHardUart) refers to stm32f10x_usart.o(i.USART_Cmd) for USART_Cmd
    bsp_uart_fifo.o(i.InitHardUart) refers to stm32f10x_usart.o(i.USART_ClearFlag) for USART_ClearFlag
    bsp_uart_fifo.o(i.RS485_InitTXE) refers to stm32f10x_rcc.o(i.RCC_APB2PeriphClockCmd) for RCC_APB2PeriphClockCmd
    bsp_uart_fifo.o(i.RS485_InitTXE) refers to stm32f10x_gpio.o(i.GPIO_Init) for GPIO_Init
    bsp_uart_fifo.o(i.RS485_SendBuf) refers to bsp_uart_fifo.o(i.comSendBuf) for comSendBuf
    bsp_uart_fifo.o(i.RS485_SendStr) refers to strlen.o(.text) for strlen
    bsp_uart_fifo.o(i.RS485_SendStr) refers to bsp_uart_fifo.o(i.RS485_SendBuf) for RS485_SendBuf
    bsp_uart_fifo.o(i.USART1_IRQHandler) refers to bsp_uart_fifo.o(i.UartIRQ) for UartIRQ
    bsp_uart_fifo.o(i.USART1_IRQHandler) refers to bsp_uart_fifo.o(.bss) for g_tUart1
    bsp_uart_fifo.o(i.UartGetChar) refers to bsp_uart_fifo.o(i.__set_PRIMASK) for __set_PRIMASK
    bsp_uart_fifo.o(i.UartIRQ) refers to stm32f10x_usart.o(i.USART_GetITStatus) for USART_GetITStatus
    bsp_uart_fifo.o(i.UartIRQ) refers to stm32f10x_usart.o(i.USART_ReceiveData) for USART_ReceiveData
    bsp_uart_fifo.o(i.UartIRQ) refers to stm32f10x_usart.o(i.USART_ITConfig) for USART_ITConfig
    bsp_uart_fifo.o(i.UartIRQ) refers to stm32f10x_usart.o(i.USART_SendData) for USART_SendData
    bsp_uart_fifo.o(i.UartSend) refers to bsp_uart_fifo.o(i.__set_PRIMASK) for __set_PRIMASK
    bsp_uart_fifo.o(i.UartSend) refers to stm32f10x_usart.o(i.USART_ITConfig) for USART_ITConfig
    bsp_uart_fifo.o(i.UartVarInit) refers to bsp_uart_fifo.o(.bss) for g_tUart1
    bsp_uart_fifo.o(i.bsp_InitUart) refers to bsp_uart_fifo.o(i.UartVarInit) for UartVarInit
    bsp_uart_fifo.o(i.bsp_InitUart) refers to bsp_uart_fifo.o(i.InitHardUart) for InitHardUart
    bsp_uart_fifo.o(i.bsp_InitUart) refers to bsp_uart_fifo.o(i.RS485_InitTXE) for RS485_InitTXE
    bsp_uart_fifo.o(i.bsp_InitUart) refers to bsp_uart_fifo.o(i.ConfigUartNVIC) for ConfigUartNVIC
    bsp_uart_fifo.o(i.bsp_Set485Baud) refers to stm32f10x_usart.o(i.USART_Init) for USART_Init
    bsp_uart_fifo.o(i.bsp_SetUart1Baud) refers to stm32f10x_usart.o(i.USART_Init) for USART_Init
    bsp_uart_fifo.o(i.bsp_SetUart2Baud) refers to stm32f10x_usart.o(i.USART_Init) for USART_Init
    bsp_uart_fifo.o(i.comClearRxFifo) refers to bsp_uart_fifo.o(i.ComToUart) for ComToUart
    bsp_uart_fifo.o(i.comClearTxFifo) refers to bsp_uart_fifo.o(i.ComToUart) for ComToUart
    bsp_uart_fifo.o(i.comGetChar) refers to bsp_uart_fifo.o(i.ComToUart) for ComToUart
    bsp_uart_fifo.o(i.comGetChar) refers to bsp_uart_fifo.o(i.UartGetChar) for UartGetChar
    bsp_uart_fifo.o(i.comSendBuf) refers to bsp_uart_fifo.o(i.ComToUart) for ComToUart
    bsp_uart_fifo.o(i.comSendBuf) refers to bsp_uart_fifo.o(i.UartSend) for UartSend
    bsp_uart_fifo.o(i.comSendChar) refers to bsp_uart_fifo.o(i.comSendBuf) for comSendBuf
    bsp_uart_fifo.o(i.fgetc) refers to bsp_uart_fifo.o(i.comGetChar) for comGetChar
    bsp_uart_fifo.o(i.fputc) refers to bsp_uart_fifo.o(i.comSendChar) for comSendChar
    startup_stm32f10x_md.o(RESET) refers to startup_stm32f10x_md.o(STACK) for __initial_sp
    startup_stm32f10x_md.o(RESET) refers to startup_stm32f10x_md.o(.text) for Reset_Handler
    startup_stm32f10x_md.o(RESET) refers to stm32f10x_it.o(i.NMI_Handler) for NMI_Handler
    startup_stm32f10x_md.o(RESET) refers to stm32f10x_it.o(i.HardFault_Handler) for HardFault_Handler
    startup_stm32f10x_md.o(RESET) refers to stm32f10x_it.o(i.MemManage_Handler) for MemManage_Handler
    startup_stm32f10x_md.o(RESET) refers to stm32f10x_it.o(i.BusFault_Handler) for BusFault_Handler
    startup_stm32f10x_md.o(RESET) refers to stm32f10x_it.o(i.UsageFault_Handler) for UsageFault_Handler
    startup_stm32f10x_md.o(RESET) refers to stm32f10x_it.o(i.SVC_Handler) for SVC_Handler
    startup_stm32f10x_md.o(RESET) refers to stm32f10x_it.o(i.DebugMon_Handler) for DebugMon_Handler
    startup_stm32f10x_md.o(RESET) refers to stm32f10x_it.o(i.PendSV_Handler) for PendSV_Handler
    startup_stm32f10x_md.o(RESET) refers to bsp_timer.o(i.SysTick_Handler) for SysTick_Handler
    startup_stm32f10x_md.o(RESET) refers to stm32f10x_it.o(i.USB_LP_CAN1_RX0_IRQHandler) for USB_LP_CAN1_RX0_IRQHandler
    startup_stm32f10x_md.o(RESET) refers to bsp_timer.o(i.TIM2_IRQHandler) for TIM2_IRQHandler
    startup_stm32f10x_md.o(RESET) refers to bsp_uart_fifo.o(i.USART1_IRQHandler) for USART1_IRQHandler
    startup_stm32f10x_md.o(.text) refers to system_stm32f10x.o(i.SystemInit) for SystemInit
    startup_stm32f10x_md.o(.text) refers to entry.o(.ARM.Collect$$$$00000000) for __main
    stm32f10x_gpio.o(i.GPIO_AFIODeInit) refers to stm32f10x_rcc.o(i.RCC_APB2PeriphResetCmd) for RCC_APB2PeriphResetCmd
    stm32f10x_gpio.o(i.GPIO_DeInit) refers to stm32f10x_rcc.o(i.RCC_APB2PeriphResetCmd) for RCC_APB2PeriphResetCmd
    stm32f10x_rcc.o(i.RCC_GetClocksFreq) refers to stm32f10x_rcc.o(.data) for APBAHBPrescTable
    stm32f10x_rcc.o(i.RCC_WaitForHSEStartUp) refers to stm32f10x_rcc.o(i.RCC_GetFlagStatus) for RCC_GetFlagStatus
    stm32f10x_tim.o(i.TIM_DeInit) refers to stm32f10x_rcc.o(i.RCC_APB2PeriphResetCmd) for RCC_APB2PeriphResetCmd
    stm32f10x_tim.o(i.TIM_DeInit) refers to stm32f10x_rcc.o(i.RCC_APB1PeriphResetCmd) for RCC_APB1PeriphResetCmd
    stm32f10x_tim.o(i.TIM_ETRClockMode1Config) refers to stm32f10x_tim.o(i.TIM_ETRConfig) for TIM_ETRConfig
    stm32f10x_tim.o(i.TIM_ETRClockMode2Config) refers to stm32f10x_tim.o(i.TIM_ETRConfig) for TIM_ETRConfig
    stm32f10x_tim.o(i.TIM_ICInit) refers to stm32f10x_tim.o(i.TI1_Config) for TI1_Config
    stm32f10x_tim.o(i.TIM_ICInit) refers to stm32f10x_tim.o(i.TIM_SetIC1Prescaler) for TIM_SetIC1Prescaler
    stm32f10x_tim.o(i.TIM_ICInit) refers to stm32f10x_tim.o(i.TI2_Config) for TI2_Config
    stm32f10x_tim.o(i.TIM_ICInit) refers to stm32f10x_tim.o(i.TIM_SetIC2Prescaler) for TIM_SetIC2Prescaler
    stm32f10x_tim.o(i.TIM_ICInit) refers to stm32f10x_tim.o(i.TI3_Config) for TI3_Config
    stm32f10x_tim.o(i.TIM_ICInit) refers to stm32f10x_tim.o(i.TIM_SetIC3Prescaler) for TIM_SetIC3Prescaler
    stm32f10x_tim.o(i.TIM_ICInit) refers to stm32f10x_tim.o(i.TI4_Config) for TI4_Config
    stm32f10x_tim.o(i.TIM_ICInit) refers to stm32f10x_tim.o(i.TIM_SetIC4Prescaler) for TIM_SetIC4Prescaler
    stm32f10x_tim.o(i.TIM_ITRxExternalClockConfig) refers to stm32f10x_tim.o(i.TIM_SelectInputTrigger) for TIM_SelectInputTrigger
    stm32f10x_tim.o(i.TIM_PWMIConfig) refers to stm32f10x_tim.o(i.TI1_Config) for TI1_Config
    stm32f10x_tim.o(i.TIM_PWMIConfig) refers to stm32f10x_tim.o(i.TIM_SetIC1Prescaler) for TIM_SetIC1Prescaler
    stm32f10x_tim.o(i.TIM_PWMIConfig) refers to stm32f10x_tim.o(i.TI2_Config) for TI2_Config
    stm32f10x_tim.o(i.TIM_PWMIConfig) refers to stm32f10x_tim.o(i.TIM_SetIC2Prescaler) for TIM_SetIC2Prescaler
    stm32f10x_tim.o(i.TIM_TIxExternalClockConfig) refers to stm32f10x_tim.o(i.TI2_Config) for TI2_Config
    stm32f10x_tim.o(i.TIM_TIxExternalClockConfig) refers to stm32f10x_tim.o(i.TI1_Config) for TI1_Config
    stm32f10x_tim.o(i.TIM_TIxExternalClockConfig) refers to stm32f10x_tim.o(i.TIM_SelectInputTrigger) for TIM_SelectInputTrigger
    stm32f10x_usart.o(i.USART_DeInit) refers to stm32f10x_rcc.o(i.RCC_APB2PeriphResetCmd) for RCC_APB2PeriphResetCmd
    stm32f10x_usart.o(i.USART_DeInit) refers to stm32f10x_rcc.o(i.RCC_APB1PeriphResetCmd) for RCC_APB1PeriphResetCmd
    stm32f10x_usart.o(i.USART_Init) refers to stm32f10x_rcc.o(i.RCC_GetClocksFreq) for RCC_GetClocksFreq
    system_stm32f10x.o(i.SetSysClock) refers to system_stm32f10x.o(i.SetSysClockTo72) for SetSysClockTo72
    system_stm32f10x.o(i.SystemCoreClockUpdate) refers to system_stm32f10x.o(.data) for SystemCoreClock
    system_stm32f10x.o(i.SystemInit) refers to system_stm32f10x.o(i.SetSysClock) for SetSysClock
    entry.o(.ARM.Collect$$$$00000000) refers (Special) to entry10a.o(.ARM.Collect$$$$0000000F) for __rt_final_cpp
    entry.o(.ARM.Collect$$$$00000000) refers (Special) to entry11a.o(.ARM.Collect$$$$00000011) for __rt_final_exit
    entry.o(.ARM.Collect$$$$00000000) refers (Special) to entry12b.o(.ARM.Collect$$$$0000000E) for __rt_lib_shutdown_fini
    entry.o(.ARM.Collect$$$$00000000) refers (Special) to entry7b.o(.ARM.Collect$$$$00000008) for _main_clock
    entry.o(.ARM.Collect$$$$00000000) refers (Special) to entry8b.o(.ARM.Collect$$$$0000000A) for _main_cpp_init
    entry.o(.ARM.Collect$$$$00000000) refers (Special) to entry9a.o(.ARM.Collect$$$$0000000B) for _main_init
    entry.o(.ARM.Collect$$$$00000000) refers (Special) to entry5.o(.ARM.Collect$$$$00000004) for _main_scatterload
    entry.o(.ARM.Collect$$$$00000000) refers (Special) to entry2.o(.ARM.Collect$$$$00000001) for _main_stk
    printfb.o(i.__0fprintf$bare) refers to printfb.o(i._printf_core) for _printf_core
    printfb.o(i.__0fprintf$bare) refers to bsp_uart_fifo.o(i.fputc) for fputc
    printfb.o(i.__0printf$bare) refers to printfb.o(i._printf_core) for _printf_core
    printfb.o(i.__0printf$bare) refers to bsp_uart_fifo.o(i.fputc) for fputc
    printfb.o(i.__0printf$bare) refers to stdout.o(.data) for __stdout
    printfb.o(i.__0snprintf$bare) refers to printfb.o(i._printf_core) for _printf_core
    printfb.o(i.__0snprintf$bare) refers to printfb.o(i._snputc) for _snputc
    printfb.o(i.__0sprintf$bare) refers to printfb.o(i._printf_core) for _printf_core
    printfb.o(i.__0sprintf$bare) refers to printfb.o(i._sputc) for _sputc
    printfb.o(i.__0vfprintf$bare) refers to printfb.o(i._printf_core) for _printf_core
    printfb.o(i.__0vfprintf$bare) refers to bsp_uart_fifo.o(i.fputc) for fputc
    printfb.o(i.__0vprintf$bare) refers to printfb.o(i._printf_core) for _printf_core
    printfb.o(i.__0vprintf$bare) refers to bsp_uart_fifo.o(i.fputc) for fputc
    printfb.o(i.__0vprintf$bare) refers to stdout.o(.data) for __stdout
    printfb.o(i.__0vsnprintf$bare) refers to printfb.o(i._printf_core) for _printf_core
    printfb.o(i.__0vsnprintf$bare) refers to printfb.o(i._snputc) for _snputc
    printfb.o(i.__0vsprintf$bare) refers to printfb.o(i._printf_core) for _printf_core
    printfb.o(i.__0vsprintf$bare) refers to printfb.o(i._sputc) for _sputc
    printf0.o(i.__0fprintf$0) refers to printf0.o(i._printf_core) for _printf_core
    printf0.o(i.__0fprintf$0) refers to bsp_uart_fifo.o(i.fputc) for fputc
    printf0.o(i.__0printf$0) refers to printf0.o(i._printf_core) for _printf_core
    printf0.o(i.__0printf$0) refers to bsp_uart_fifo.o(i.fputc) for fputc
    printf0.o(i.__0printf$0) refers to stdout.o(.data) for __stdout
    printf0.o(i.__0snprintf$0) refers to printf0.o(i._printf_core) for _printf_core
    printf0.o(i.__0snprintf$0) refers to printf0.o(i._snputc) for _snputc
    printf0.o(i.__0sprintf$0) refers to printf0.o(i._printf_core) for _printf_core
    printf0.o(i.__0sprintf$0) refers to printf0.o(i._sputc) for _sputc
    printf0.o(i.__0vfprintf$0) refers to printf0.o(i._printf_core) for _printf_core
    printf0.o(i.__0vfprintf$0) refers to bsp_uart_fifo.o(i.fputc) for fputc
    printf0.o(i.__0vprintf$0) refers to printf0.o(i._printf_core) for _printf_core
    printf0.o(i.__0vprintf$0) refers to bsp_uart_fifo.o(i.fputc) for fputc
    printf0.o(i.__0vprintf$0) refers to stdout.o(.data) for __stdout
    printf0.o(i.__0vsnprintf$0) refers to printf0.o(i._printf_core) for _printf_core
    printf0.o(i.__0vsnprintf$0) refers to printf0.o(i._snputc) for _snputc
    printf0.o(i.__0vsprintf$0) refers to printf0.o(i._printf_core) for _printf_core
    printf0.o(i.__0vsprintf$0) refers to printf0.o(i._sputc) for _sputc
    printf1.o(i.__0fprintf$1) refers to printf1.o(i._printf_core) for _printf_core
    printf1.o(i.__0fprintf$1) refers to bsp_uart_fifo.o(i.fputc) for fputc
    printf1.o(i.__0printf$1) refers to printf1.o(i._printf_core) for _printf_core
    printf1.o(i.__0printf$1) refers to bsp_uart_fifo.o(i.fputc) for fputc
    printf1.o(i.__0printf$1) refers to stdout.o(.data) for __stdout
    printf1.o(i.__0snprintf$1) refers to printf1.o(i._printf_core) for _printf_core
    printf1.o(i.__0snprintf$1) refers to printf1.o(i._snputc) for _snputc
    printf1.o(i.__0sprintf$1) refers to printf1.o(i._printf_core) for _printf_core
    printf1.o(i.__0sprintf$1) refers to printf1.o(i._sputc) for _sputc
    printf1.o(i.__0vfprintf$1) refers to printf1.o(i._printf_core) for _printf_core
    printf1.o(i.__0vfprintf$1) refers to bsp_uart_fifo.o(i.fputc) for fputc
    printf1.o(i.__0vprintf$1) refers to printf1.o(i._printf_core) for _printf_core
    printf1.o(i.__0vprintf$1) refers to bsp_uart_fifo.o(i.fputc) for fputc
    printf1.o(i.__0vprintf$1) refers to stdout.o(.data) for __stdout
    printf1.o(i.__0vsnprintf$1) refers to printf1.o(i._printf_core) for _printf_core
    printf1.o(i.__0vsnprintf$1) refers to printf1.o(i._snputc) for _snputc
    printf1.o(i.__0vsprintf$1) refers to printf1.o(i._printf_core) for _printf_core
    printf1.o(i.__0vsprintf$1) refers to printf1.o(i._sputc) for _sputc
    printf1.o(i._printf_core) refers to uidiv.o(.text) for __aeabi_uidivmod
    printf2.o(i.__0fprintf$2) refers to printf2.o(i._printf_core) for _printf_core
    printf2.o(i.__0fprintf$2) refers to bsp_uart_fifo.o(i.fputc) for fputc
    printf2.o(i.__0printf$2) refers to printf2.o(i._printf_core) for _printf_core
    printf2.o(i.__0printf$2) refers to bsp_uart_fifo.o(i.fputc) for fputc
    printf2.o(i.__0printf$2) refers to stdout.o(.data) for __stdout
    printf2.o(i.__0snprintf$2) refers to printf2.o(i._printf_core) for _printf_core
    printf2.o(i.__0snprintf$2) refers to printf2.o(i._snputc) for _snputc
    printf2.o(i.__0sprintf$2) refers to printf2.o(i._printf_core) for _printf_core
    printf2.o(i.__0sprintf$2) refers to printf2.o(i._sputc) for _sputc
    printf2.o(i.__0vfprintf$2) refers to printf2.o(i._printf_core) for _printf_core
    printf2.o(i.__0vfprintf$2) refers to bsp_uart_fifo.o(i.fputc) for fputc
    printf2.o(i.__0vprintf$2) refers to printf2.o(i._printf_core) for _printf_core
    printf2.o(i.__0vprintf$2) refers to bsp_uart_fifo.o(i.fputc) for fputc
    printf2.o(i.__0vprintf$2) refers to stdout.o(.data) for __stdout
    printf2.o(i.__0vsnprintf$2) refers to printf2.o(i._printf_core) for _printf_core
    printf2.o(i.__0vsnprintf$2) refers to printf2.o(i._snputc) for _snputc
    printf2.o(i.__0vsprintf$2) refers to printf2.o(i._printf_core) for _printf_core
    printf2.o(i.__0vsprintf$2) refers to printf2.o(i._sputc) for _sputc
    printf3.o(i.__0fprintf$3) refers to printf3.o(i._printf_core) for _printf_core
    printf3.o(i.__0fprintf$3) refers to bsp_uart_fifo.o(i.fputc) for fputc
    printf3.o(i.__0printf$3) refers to printf3.o(i._printf_core) for _printf_core
    printf3.o(i.__0printf$3) refers to bsp_uart_fifo.o(i.fputc) for fputc
    printf3.o(i.__0printf$3) refers to stdout.o(.data) for __stdout
    printf3.o(i.__0snprintf$3) refers to printf3.o(i._printf_core) for _printf_core
    printf3.o(i.__0snprintf$3) refers to printf3.o(i._snputc) for _snputc
    printf3.o(i.__0sprintf$3) refers to printf3.o(i._printf_core) for _printf_core
    printf3.o(i.__0sprintf$3) refers to printf3.o(i._sputc) for _sputc
    printf3.o(i.__0vfprintf$3) refers to printf3.o(i._printf_core) for _printf_core
    printf3.o(i.__0vfprintf$3) refers to bsp_uart_fifo.o(i.fputc) for fputc
    printf3.o(i.__0vprintf$3) refers to printf3.o(i._printf_core) for _printf_core
    printf3.o(i.__0vprintf$3) refers to bsp_uart_fifo.o(i.fputc) for fputc
    printf3.o(i.__0vprintf$3) refers to stdout.o(.data) for __stdout
    printf3.o(i.__0vsnprintf$3) refers to printf3.o(i._printf_core) for _printf_core
    printf3.o(i.__0vsnprintf$3) refers to printf3.o(i._snputc) for _snputc
    printf3.o(i.__0vsprintf$3) refers to printf3.o(i._printf_core) for _printf_core
    printf3.o(i.__0vsprintf$3) refers to printf3.o(i._sputc) for _sputc
    printf3.o(i._printf_core) refers to uidiv.o(.text) for __aeabi_uidivmod
    printf4.o(i.__0fprintf$4) refers to printf4.o(i._printf_core) for _printf_core
    printf4.o(i.__0fprintf$4) refers to bsp_uart_fifo.o(i.fputc) for fputc
    printf4.o(i.__0printf$4) refers to printf4.o(i._printf_core) for _printf_core
    printf4.o(i.__0printf$4) refers to bsp_uart_fifo.o(i.fputc) for fputc
    printf4.o(i.__0printf$4) refers to stdout.o(.data) for __stdout
    printf4.o(i.__0snprintf$4) refers to printf4.o(i._printf_core) for _printf_core
    printf4.o(i.__0snprintf$4) refers to printf4.o(i._snputc) for _snputc
    printf4.o(i.__0sprintf$4) refers to printf4.o(i._printf_core) for _printf_core
    printf4.o(i.__0sprintf$4) refers to printf4.o(i._sputc) for _sputc
    printf4.o(i.__0vfprintf$4) refers to printf4.o(i._printf_core) for _printf_core
    printf4.o(i.__0vfprintf$4) refers to bsp_uart_fifo.o(i.fputc) for fputc
    printf4.o(i.__0vprintf$4) refers to printf4.o(i._printf_core) for _printf_core
    printf4.o(i.__0vprintf$4) refers to bsp_uart_fifo.o(i.fputc) for fputc
    printf4.o(i.__0vprintf$4) refers to stdout.o(.data) for __stdout
    printf4.o(i.__0vsnprintf$4) refers to printf4.o(i._printf_core) for _printf_core
    printf4.o(i.__0vsnprintf$4) refers to printf4.o(i._snputc) for _snputc
    printf4.o(i.__0vsprintf$4) refers to printf4.o(i._printf_core) for _printf_core
    printf4.o(i.__0vsprintf$4) refers to printf4.o(i._sputc) for _sputc
    printf4.o(i._printf_core) refers to uldiv.o(.text) for __aeabi_uldivmod
    printf5.o(i.__0fprintf$5) refers to printf5.o(i._printf_core) for _printf_core
    printf5.o(i.__0fprintf$5) refers to bsp_uart_fifo.o(i.fputc) for fputc
    printf5.o(i.__0printf$5) refers to printf5.o(i._printf_core) for _printf_core
    printf5.o(i.__0printf$5) refers to bsp_uart_fifo.o(i.fputc) for fputc
    printf5.o(i.__0printf$5) refers to stdout.o(.data) for __stdout
    printf5.o(i.__0snprintf$5) refers to printf5.o(i._printf_core) for _printf_core
    printf5.o(i.__0snprintf$5) refers to printf5.o(i._snputc) for _snputc
    printf5.o(i.__0sprintf$5) refers to printf5.o(i._printf_core) for _printf_core
    printf5.o(i.__0sprintf$5) refers to printf5.o(i._sputc) for _sputc
    printf5.o(i.__0vfprintf$5) refers to printf5.o(i._printf_core) for _printf_core
    printf5.o(i.__0vfprintf$5) refers to bsp_uart_fifo.o(i.fputc) for fputc
    printf5.o(i.__0vprintf$5) refers to printf5.o(i._printf_core) for _printf_core
    printf5.o(i.__0vprintf$5) refers to bsp_uart_fifo.o(i.fputc) for fputc
    printf5.o(i.__0vprintf$5) refers to stdout.o(.data) for __stdout
    printf5.o(i.__0vsnprintf$5) refers to printf5.o(i._printf_core) for _printf_core
    printf5.o(i.__0vsnprintf$5) refers to printf5.o(i._snputc) for _snputc
    printf5.o(i.__0vsprintf$5) refers to printf5.o(i._printf_core) for _printf_core
    printf5.o(i.__0vsprintf$5) refers to printf5.o(i._sputc) for _sputc
    printf5.o(i._printf_core) refers to uldiv.o(.text) for __aeabi_uldivmod
    printf6.o(i.__0fprintf$6) refers to printf6.o(i._printf_core) for _printf_core
    printf6.o(i.__0fprintf$6) refers to bsp_uart_fifo.o(i.fputc) for fputc
    printf6.o(i.__0printf$6) refers to printf6.o(i._printf_core) for _printf_core
    printf6.o(i.__0printf$6) refers to bsp_uart_fifo.o(i.fputc) for fputc
    printf6.o(i.__0printf$6) refers to stdout.o(.data) for __stdout
    printf6.o(i.__0snprintf$6) refers to printf6.o(i._printf_core) for _printf_core
    printf6.o(i.__0snprintf$6) refers to printf6.o(i._snputc) for _snputc
    printf6.o(i.__0sprintf$6) refers to printf6.o(i._printf_core) for _printf_core
    printf6.o(i.__0sprintf$6) refers to printf6.o(i._sputc) for _sputc
    printf6.o(i.__0vfprintf$6) refers to printf6.o(i._printf_core) for _printf_core
    printf6.o(i.__0vfprintf$6) refers to bsp_uart_fifo.o(i.fputc) for fputc
    printf6.o(i.__0vprintf$6) refers to printf6.o(i._printf_core) for _printf_core
    printf6.o(i.__0vprintf$6) refers to bsp_uart_fifo.o(i.fputc) for fputc
    printf6.o(i.__0vprintf$6) refers to stdout.o(.data) for __stdout
    printf6.o(i.__0vsnprintf$6) refers to printf6.o(i._printf_core) for _printf_core
    printf6.o(i.__0vsnprintf$6) refers to printf6.o(i._snputc) for _snputc
    printf6.o(i.__0vsprintf$6) refers to printf6.o(i._printf_core) for _printf_core
    printf6.o(i.__0vsprintf$6) refers to printf6.o(i._sputc) for _sputc
    printf6.o(i._printf_core) refers to printf6.o(i._printf_pre_padding) for _printf_pre_padding
    printf6.o(i._printf_core) refers to uidiv.o(.text) for __aeabi_uidivmod
    printf6.o(i._printf_core) refers to printf6.o(i._printf_post_padding) for _printf_post_padding
    printf7.o(i.__0fprintf$7) refers to printf7.o(i._printf_core) for _printf_core
    printf7.o(i.__0fprintf$7) refers to bsp_uart_fifo.o(i.fputc) for fputc
    printf7.o(i.__0printf$7) refers to printf7.o(i._printf_core) for _printf_core
    printf7.o(i.__0printf$7) refers to bsp_uart_fifo.o(i.fputc) for fputc
    printf7.o(i.__0printf$7) refers to stdout.o(.data) for __stdout
    printf7.o(i.__0snprintf$7) refers to printf7.o(i._printf_core) for _printf_core
    printf7.o(i.__0snprintf$7) refers to printf7.o(i._snputc) for _snputc
    printf7.o(i.__0sprintf$7) refers to printf7.o(i._printf_core) for _printf_core
    printf7.o(i.__0sprintf$7) refers to printf7.o(i._sputc) for _sputc
    printf7.o(i.__0vfprintf$7) refers to printf7.o(i._printf_core) for _printf_core
    printf7.o(i.__0vfprintf$7) refers to bsp_uart_fifo.o(i.fputc) for fputc
    printf7.o(i.__0vprintf$7) refers to printf7.o(i._printf_core) for _printf_core
    printf7.o(i.__0vprintf$7) refers to bsp_uart_fifo.o(i.fputc) for fputc
    printf7.o(i.__0vprintf$7) refers to stdout.o(.data) for __stdout
    printf7.o(i.__0vsnprintf$7) refers to printf7.o(i._printf_core) for _printf_core
    printf7.o(i.__0vsnprintf$7) refers to printf7.o(i._snputc) for _snputc
    printf7.o(i.__0vsprintf$7) refers to printf7.o(i._printf_core) for _printf_core
    printf7.o(i.__0vsprintf$7) refers to printf7.o(i._sputc) for _sputc
    printf7.o(i._printf_core) refers to printf7.o(i._printf_pre_padding) for _printf_pre_padding
    printf7.o(i._printf_core) refers to uldiv.o(.text) for __aeabi_uldivmod
    printf7.o(i._printf_core) refers to printf7.o(i._printf_post_padding) for _printf_post_padding
    printf8.o(i.__0fprintf$8) refers to printf8.o(i._printf_core) for _printf_core
    printf8.o(i.__0fprintf$8) refers to bsp_uart_fifo.o(i.fputc) for fputc
    printf8.o(i.__0printf$8) refers to printf8.o(i._printf_core) for _printf_core
    printf8.o(i.__0printf$8) refers to bsp_uart_fifo.o(i.fputc) for fputc
    printf8.o(i.__0printf$8) refers to stdout.o(.data) for __stdout
    printf8.o(i.__0snprintf$8) refers to printf8.o(i._printf_core) for _printf_core
    printf8.o(i.__0snprintf$8) refers to printf8.o(i._snputc) for _snputc
    printf8.o(i.__0sprintf$8) refers to printf8.o(i._printf_core) for _printf_core
    printf8.o(i.__0sprintf$8) refers to printf8.o(i._sputc) for _sputc
    printf8.o(i.__0vfprintf$8) refers to printf8.o(i._printf_core) for _printf_core
    printf8.o(i.__0vfprintf$8) refers to bsp_uart_fifo.o(i.fputc) for fputc
    printf8.o(i.__0vprintf$8) refers to printf8.o(i._printf_core) for _printf_core
    printf8.o(i.__0vprintf$8) refers to bsp_uart_fifo.o(i.fputc) for fputc
    printf8.o(i.__0vprintf$8) refers to stdout.o(.data) for __stdout
    printf8.o(i.__0vsnprintf$8) refers to printf8.o(i._printf_core) for _printf_core
    printf8.o(i.__0vsnprintf$8) refers to printf8.o(i._snputc) for _snputc
    printf8.o(i.__0vsprintf$8) refers to printf8.o(i._printf_core) for _printf_core
    printf8.o(i.__0vsprintf$8) refers to printf8.o(i._sputc) for _sputc
    printf8.o(i._printf_core) refers to printf8.o(i._printf_pre_padding) for _printf_pre_padding
    printf8.o(i._printf_core) refers to uldiv.o(.text) for __aeabi_uldivmod
    printf8.o(i._printf_core) refers to printf8.o(i._printf_post_padding) for _printf_post_padding
    printfa.o(i.__0fprintf) refers (Special) to iusefp.o(.text) for __I$use$fp
    printfa.o(i.__0fprintf) refers to printfa.o(i._printf_core) for _printf_core
    printfa.o(i.__0fprintf) refers to bsp_uart_fifo.o(i.fputc) for fputc
    printfa.o(i.__0printf) refers (Special) to iusefp.o(.text) for __I$use$fp
    printfa.o(i.__0printf) refers to printfa.o(i._printf_core) for _printf_core
    printfa.o(i.__0printf) refers to bsp_uart_fifo.o(i.fputc) for fputc
    printfa.o(i.__0printf) refers to stdout.o(.data) for __stdout
    printfa.o(i.__0snprintf) refers (Special) to iusefp.o(.text) for __I$use$fp
    printfa.o(i.__0snprintf) refers to printfa.o(i._printf_core) for _printf_core
    printfa.o(i.__0snprintf) refers to printfa.o(i._snputc) for _snputc
    printfa.o(i.__0sprintf) refers (Special) to iusefp.o(.text) for __I$use$fp
    printfa.o(i.__0sprintf) refers to printfa.o(i._printf_core) for _printf_core
    printfa.o(i.__0sprintf) refers to printfa.o(i._sputc) for _sputc
    printfa.o(i.__0vfprintf) refers (Special) to iusefp.o(.text) for __I$use$fp
    printfa.o(i.__0vfprintf) refers to printfa.o(i._printf_core) for _printf_core
    printfa.o(i.__0vfprintf) refers to bsp_uart_fifo.o(i.fputc) for fputc
    printfa.o(i.__0vprintf) refers (Special) to iusefp.o(.text) for __I$use$fp
    printfa.o(i.__0vprintf) refers to printfa.o(i._printf_core) for _printf_core
    printfa.o(i.__0vprintf) refers to bsp_uart_fifo.o(i.fputc) for fputc
    printfa.o(i.__0vprintf) refers to stdout.o(.data) for __stdout
    printfa.o(i.__0vsnprintf) refers (Special) to iusefp.o(.text) for __I$use$fp
    printfa.o(i.__0vsnprintf) refers to printfa.o(i._printf_core) for _printf_core
    printfa.o(i.__0vsnprintf) refers to printfa.o(i._snputc) for _snputc
    printfa.o(i.__0vsprintf) refers (Special) to iusefp.o(.text) for __I$use$fp
    printfa.o(i.__0vsprintf) refers to printfa.o(i._printf_core) for _printf_core
    printfa.o(i.__0vsprintf) refers to printfa.o(i._sputc) for _sputc
    printfa.o(i._fp_digits) refers (Special) to iusefp.o(.text) for __I$use$fp
    printfa.o(i._fp_digits) refers to dmul.o(.text) for __aeabi_dmul
    printfa.o(i._fp_digits) refers to ddiv.o(.text) for __aeabi_ddiv
    printfa.o(i._fp_digits) refers to cdrcmple.o(.text) for __aeabi_cdrcmple
    printfa.o(i._fp_digits) refers to dadd.o(.text) for __aeabi_dadd
    printfa.o(i._fp_digits) refers to dfixul.o(.text) for __aeabi_d2ulz
    printfa.o(i._fp_digits) refers to uldiv.o(.text) for __aeabi_uldivmod
    printfa.o(i._printf_core) refers (Special) to iusefp.o(.text) for __I$use$fp
    printfa.o(i._printf_core) refers to printfa.o(i._printf_pre_padding) for _printf_pre_padding
    printfa.o(i._printf_core) refers to uldiv.o(.text) for __aeabi_uldivmod
    printfa.o(i._printf_core) refers to printfa.o(i._printf_post_padding) for _printf_post_padding
    printfa.o(i._printf_core) refers to printfa.o(i._fp_digits) for _fp_digits
    printfa.o(i._printf_core) refers to uidiv.o(.text) for __aeabi_uidivmod
    printfa.o(i._printf_post_padding) refers (Special) to iusefp.o(.text) for __I$use$fp
    printfa.o(i._printf_pre_padding) refers (Special) to iusefp.o(.text) for __I$use$fp
    printfa.o(i._snputc) refers (Special) to iusefp.o(.text) for __I$use$fp
    printfa.o(i._sputc) refers (Special) to iusefp.o(.text) for __I$use$fp
    entry2.o(.ARM.Collect$$$$00000001) refers to entry2.o(.ARM.Collect$$$$00002712) for __lit__00000000
    entry2.o(.ARM.Collect$$$$00002712) refers to startup_stm32f10x_md.o(STACK) for __initial_sp
    entry2.o(__vectab_stack_and_reset_area) refers to startup_stm32f10x_md.o(STACK) for __initial_sp
    entry2.o(__vectab_stack_and_reset_area) refers to entry.o(.ARM.Collect$$$$00000000) for __main
    entry5.o(.ARM.Collect$$$$00000004) refers to init.o(.text) for __scatterload
    entry9a.o(.ARM.Collect$$$$0000000B) refers to main.o(i.main) for main
    entry9b.o(.ARM.Collect$$$$0000000C) refers to main.o(i.main) for main
    uldiv.o(.text) refers to llushr.o(.text) for __aeabi_llsr
    uldiv.o(.text) refers to llshl.o(.text) for __aeabi_llsl
    dadd.o(.text) refers to llshl.o(.text) for __aeabi_llsl
    dadd.o(.text) refers to llsshr.o(.text) for __aeabi_lasr
    dadd.o(.text) refers to depilogue.o(.text) for _double_epilogue
    dmul.o(.text) refers to depilogue.o(.text) for _double_epilogue
    ddiv.o(.text) refers to depilogue.o(.text) for _double_round
    dfixul.o(.text) refers to llushr.o(.text) for __aeabi_llsr
    dfixul.o(.text) refers to llshl.o(.text) for __aeabi_llsl
    init.o(.text) refers to entry5.o(.ARM.Collect$$$$00000004) for __main_after_scatterload
    depilogue.o(.text) refers to llshl.o(.text) for __aeabi_llsl
    depilogue.o(.text) refers to llushr.o(.text) for __aeabi_llsr


==============================================================================

Removing Unused input sections from the image.

    Removing main.o(.rev16_text), (4 bytes).
    Removing main.o(.revsh_text), (4 bytes).
    Removing main.o(i.PrintfHelp), (212 bytes).
    Removing bsp_led.o(.rev16_text), (4 bytes).
    Removing bsp_led.o(.revsh_text), (4 bytes).
    Removing bsp_led.o(i.bsp_IsLedOn), (76 bytes).
    Removing bsp_led.o(i.bsp_LedToggle), (60 bytes).
    Removing bsp_timer.o(.rev16_text), (4 bytes).
    Removing bsp_timer.o(.revsh_text), (4 bytes).
    Removing bsp_timer.o(i.__set_PRIMASK), (6 bytes).
    Removing bsp_timer.o(i.bsp_CheckRunTime), (44 bytes).
    Removing bsp_timer.o(i.bsp_CheckTimer), (52 bytes).
    Removing bsp_timer.o(i.bsp_DelayMS), (68 bytes).
    Removing bsp_timer.o(i.bsp_DelayUS), (84 bytes).
    Removing bsp_timer.o(i.bsp_GetRunTime), (28 bytes).
    Removing bsp_timer.o(i.bsp_StartAutoTimer), (156 bytes).
    Removing bsp_timer.o(i.bsp_StartHardTimer), (200 bytes).
    Removing bsp_timer.o(i.bsp_StartTimer), (152 bytes).
    Removing bsp_timer.o(i.bsp_StopTimer), (140 bytes).
    Removing bsp_timer.o(.constdata), (48 bytes).
    Removing bsp.o(.rev16_text), (4 bytes).
    Removing bsp.o(.revsh_text), (4 bytes).
    Removing bsp.o(i.bsp_Idle), (2 bytes).
    Removing stm32f10x_it.o(.rev16_text), (4 bytes).
    Removing stm32f10x_it.o(.revsh_text), (4 bytes).
    Removing stm32f10x_it.o(.data), (4 bytes).
    Removing stm32f10x_assert.o(.rev16_text), (4 bytes).
    Removing stm32f10x_assert.o(.revsh_text), (4 bytes).
    Removing bsp_uart_fifo.o(.rev16_text), (4 bytes).
    Removing bsp_uart_fifo.o(.revsh_text), (4 bytes).
    Removing bsp_uart_fifo.o(i.RS485_ReciveNew), (2 bytes).
    Removing bsp_uart_fifo.o(i.RS485_SendBefor), (12 bytes).
    Removing bsp_uart_fifo.o(i.RS485_SendBuf), (18 bytes).
    Removing bsp_uart_fifo.o(i.RS485_SendOver), (12 bytes).
    Removing bsp_uart_fifo.o(i.RS485_SendStr), (22 bytes).
    Removing bsp_uart_fifo.o(i.UartGetChar), (74 bytes).
    Removing bsp_uart_fifo.o(i.bsp_Set485Baud), (44 bytes).
    Removing bsp_uart_fifo.o(i.bsp_SetUart1Baud), (44 bytes).
    Removing bsp_uart_fifo.o(i.bsp_SetUart2Baud), (44 bytes).
    Removing bsp_uart_fifo.o(i.comClearRxFifo), (28 bytes).
    Removing bsp_uart_fifo.o(i.comClearTxFifo), (28 bytes).
    Removing bsp_uart_fifo.o(i.comGetChar), (30 bytes).
    Removing bsp_uart_fifo.o(i.fgetc), (24 bytes).
    Removing startup_stm32f10x_md.o(HEAP), (512 bytes).
    Removing stm32f10x_gpio.o(.rev16_text), (4 bytes).
    Removing stm32f10x_gpio.o(.revsh_text), (4 bytes).
    Removing stm32f10x_gpio.o(i.GPIO_AFIODeInit), (20 bytes).
    Removing stm32f10x_gpio.o(i.GPIO_DeInit), (200 bytes).
    Removing stm32f10x_gpio.o(i.GPIO_ETH_MediaInterfaceConfig), (12 bytes).
    Removing stm32f10x_gpio.o(i.GPIO_EXTILineConfig), (64 bytes).
    Removing stm32f10x_gpio.o(i.GPIO_EventOutputCmd), (12 bytes).
    Removing stm32f10x_gpio.o(i.GPIO_EventOutputConfig), (32 bytes).
    Removing stm32f10x_gpio.o(i.GPIO_PinLockConfig), (18 bytes).
    Removing stm32f10x_gpio.o(i.GPIO_PinRemapConfig), (144 bytes).
    Removing stm32f10x_gpio.o(i.GPIO_ReadInputData), (8 bytes).
    Removing stm32f10x_gpio.o(i.GPIO_ReadInputDataBit), (18 bytes).
    Removing stm32f10x_gpio.o(i.GPIO_ReadOutputData), (8 bytes).
    Removing stm32f10x_gpio.o(i.GPIO_ReadOutputDataBit), (18 bytes).
    Removing stm32f10x_gpio.o(i.GPIO_ResetBits), (4 bytes).
    Removing stm32f10x_gpio.o(i.GPIO_SetBits), (4 bytes).
    Removing stm32f10x_gpio.o(i.GPIO_StructInit), (16 bytes).
    Removing stm32f10x_gpio.o(i.GPIO_Write), (4 bytes).
    Removing stm32f10x_gpio.o(i.GPIO_WriteBit), (10 bytes).
    Removing stm32f10x_rcc.o(.rev16_text), (4 bytes).
    Removing stm32f10x_rcc.o(.revsh_text), (4 bytes).
    Removing stm32f10x_rcc.o(i.RCC_ADCCLKConfig), (24 bytes).
    Removing stm32f10x_rcc.o(i.RCC_AHBPeriphClockCmd), (32 bytes).
    Removing stm32f10x_rcc.o(i.RCC_APB1PeriphResetCmd), (32 bytes).
    Removing stm32f10x_rcc.o(i.RCC_APB2PeriphResetCmd), (32 bytes).
    Removing stm32f10x_rcc.o(i.RCC_AdjustHSICalibrationValue), (24 bytes).
    Removing stm32f10x_rcc.o(i.RCC_BackupResetCmd), (12 bytes).
    Removing stm32f10x_rcc.o(i.RCC_ClearFlag), (20 bytes).
    Removing stm32f10x_rcc.o(i.RCC_ClearITPendingBit), (12 bytes).
    Removing stm32f10x_rcc.o(i.RCC_ClockSecuritySystemCmd), (12 bytes).
    Removing stm32f10x_rcc.o(i.RCC_DeInit), (76 bytes).
    Removing stm32f10x_rcc.o(i.RCC_GetFlagStatus), (60 bytes).
    Removing stm32f10x_rcc.o(i.RCC_GetITStatus), (24 bytes).
    Removing stm32f10x_rcc.o(i.RCC_GetSYSCLKSource), (16 bytes).
    Removing stm32f10x_rcc.o(i.RCC_HCLKConfig), (24 bytes).
    Removing stm32f10x_rcc.o(i.RCC_HSEConfig), (76 bytes).
    Removing stm32f10x_rcc.o(i.RCC_HSICmd), (12 bytes).
    Removing stm32f10x_rcc.o(i.RCC_ITConfig), (32 bytes).
    Removing stm32f10x_rcc.o(i.RCC_LSEConfig), (52 bytes).
    Removing stm32f10x_rcc.o(i.RCC_LSICmd), (12 bytes).
    Removing stm32f10x_rcc.o(i.RCC_MCOConfig), (12 bytes).
    Removing stm32f10x_rcc.o(i.RCC_PCLK1Config), (24 bytes).
    Removing stm32f10x_rcc.o(i.RCC_PCLK2Config), (24 bytes).
    Removing stm32f10x_rcc.o(i.RCC_PLLCmd), (12 bytes).
    Removing stm32f10x_rcc.o(i.RCC_PLLConfig), (28 bytes).
    Removing stm32f10x_rcc.o(i.RCC_RTCCLKCmd), (12 bytes).
    Removing stm32f10x_rcc.o(i.RCC_RTCCLKConfig), (16 bytes).
    Removing stm32f10x_rcc.o(i.RCC_SYSCLKConfig), (24 bytes).
    Removing stm32f10x_rcc.o(i.RCC_USBCLKConfig), (12 bytes).
    Removing stm32f10x_rcc.o(i.RCC_WaitForHSEStartUp), (56 bytes).
    Removing misc.o(.rev16_text), (4 bytes).
    Removing misc.o(.revsh_text), (4 bytes).
    Removing misc.o(i.NVIC_SetVectorTable), (20 bytes).
    Removing misc.o(i.NVIC_SystemLPConfig), (32 bytes).
    Removing misc.o(i.SysTick_CLKSourceConfig), (40 bytes).
    Removing stm32f10x_tim.o(.rev16_text), (4 bytes).
    Removing stm32f10x_tim.o(.revsh_text), (4 bytes).
    Removing stm32f10x_tim.o(i.TI1_Config), (128 bytes).
    Removing stm32f10x_tim.o(i.TI2_Config), (152 bytes).
    Removing stm32f10x_tim.o(i.TI3_Config), (144 bytes).
    Removing stm32f10x_tim.o(i.TI4_Config), (152 bytes).
    Removing stm32f10x_tim.o(i.TIM_ARRPreloadConfig), (24 bytes).
    Removing stm32f10x_tim.o(i.TIM_BDTRConfig), (32 bytes).
    Removing stm32f10x_tim.o(i.TIM_BDTRStructInit), (18 bytes).
    Removing stm32f10x_tim.o(i.TIM_CCPreloadControl), (24 bytes).
    Removing stm32f10x_tim.o(i.TIM_CCxCmd), (30 bytes).
    Removing stm32f10x_tim.o(i.TIM_CCxNCmd), (30 bytes).
    Removing stm32f10x_tim.o(i.TIM_ClearFlag), (6 bytes).
    Removing stm32f10x_tim.o(i.TIM_ClearOC1Ref), (18 bytes).
    Removing stm32f10x_tim.o(i.TIM_ClearOC2Ref), (24 bytes).
    Removing stm32f10x_tim.o(i.TIM_ClearOC3Ref), (18 bytes).
    Removing stm32f10x_tim.o(i.TIM_ClearOC4Ref), (24 bytes).
    Removing stm32f10x_tim.o(i.TIM_CounterModeConfig), (18 bytes).
    Removing stm32f10x_tim.o(i.TIM_CtrlPWMOutputs), (30 bytes).
    Removing stm32f10x_tim.o(i.TIM_DMACmd), (18 bytes).
    Removing stm32f10x_tim.o(i.TIM_DMAConfig), (10 bytes).
    Removing stm32f10x_tim.o(i.TIM_DeInit), (488 bytes).
    Removing stm32f10x_tim.o(i.TIM_ETRClockMode1Config), (54 bytes).
    Removing stm32f10x_tim.o(i.TIM_ETRClockMode2Config), (32 bytes).
    Removing stm32f10x_tim.o(i.TIM_ETRConfig), (28 bytes).
    Removing stm32f10x_tim.o(i.TIM_EncoderInterfaceConfig), (66 bytes).
    Removing stm32f10x_tim.o(i.TIM_ForcedOC1Config), (18 bytes).
    Removing stm32f10x_tim.o(i.TIM_ForcedOC2Config), (26 bytes).
    Removing stm32f10x_tim.o(i.TIM_ForcedOC3Config), (18 bytes).
    Removing stm32f10x_tim.o(i.TIM_ForcedOC4Config), (26 bytes).
    Removing stm32f10x_tim.o(i.TIM_GenerateEvent), (4 bytes).
    Removing stm32f10x_tim.o(i.TIM_GetCapture1), (6 bytes).
    Removing stm32f10x_tim.o(i.TIM_GetCapture2), (6 bytes).
    Removing stm32f10x_tim.o(i.TIM_GetCapture3), (6 bytes).
    Removing stm32f10x_tim.o(i.TIM_GetCapture4), (8 bytes).
    Removing stm32f10x_tim.o(i.TIM_GetCounter), (6 bytes).
    Removing stm32f10x_tim.o(i.TIM_GetFlagStatus), (18 bytes).
    Removing stm32f10x_tim.o(i.TIM_GetPrescaler), (6 bytes).
    Removing stm32f10x_tim.o(i.TIM_ICInit), (172 bytes).
    Removing stm32f10x_tim.o(i.TIM_ICStructInit), (18 bytes).
    Removing stm32f10x_tim.o(i.TIM_ITRxExternalClockConfig), (24 bytes).
    Removing stm32f10x_tim.o(i.TIM_InternalClockConfig), (12 bytes).
    Removing stm32f10x_tim.o(i.TIM_OC1FastConfig), (18 bytes).
    Removing stm32f10x_tim.o(i.TIM_OC1Init), (152 bytes).
    Removing stm32f10x_tim.o(i.TIM_OC1NPolarityConfig), (18 bytes).
    Removing stm32f10x_tim.o(i.TIM_OC1PolarityConfig), (18 bytes).
    Removing stm32f10x_tim.o(i.TIM_OC1PreloadConfig), (18 bytes).
    Removing stm32f10x_tim.o(i.TIM_OC2FastConfig), (26 bytes).
    Removing stm32f10x_tim.o(i.TIM_OC2Init), (164 bytes).
    Removing stm32f10x_tim.o(i.TIM_OC2NPolarityConfig), (26 bytes).
    Removing stm32f10x_tim.o(i.TIM_OC2PolarityConfig), (26 bytes).
    Removing stm32f10x_tim.o(i.TIM_OC2PreloadConfig), (26 bytes).
    Removing stm32f10x_tim.o(i.TIM_OC3FastConfig), (18 bytes).
    Removing stm32f10x_tim.o(i.TIM_OC3Init), (160 bytes).
    Removing stm32f10x_tim.o(i.TIM_OC3NPolarityConfig), (26 bytes).
    Removing stm32f10x_tim.o(i.TIM_OC3PolarityConfig), (26 bytes).
    Removing stm32f10x_tim.o(i.TIM_OC3PreloadConfig), (18 bytes).
    Removing stm32f10x_tim.o(i.TIM_OC4FastConfig), (26 bytes).
    Removing stm32f10x_tim.o(i.TIM_OC4Init), (124 bytes).
    Removing stm32f10x_tim.o(i.TIM_OC4PolarityConfig), (26 bytes).
    Removing stm32f10x_tim.o(i.TIM_OC4PreloadConfig), (26 bytes).
    Removing stm32f10x_tim.o(i.TIM_OCStructInit), (20 bytes).
    Removing stm32f10x_tim.o(i.TIM_PWMIConfig), (124 bytes).
    Removing stm32f10x_tim.o(i.TIM_PrescalerConfig), (6 bytes).
    Removing stm32f10x_tim.o(i.TIM_SelectCCDMA), (24 bytes).
    Removing stm32f10x_tim.o(i.TIM_SelectCOM), (24 bytes).
    Removing stm32f10x_tim.o(i.TIM_SelectHallSensor), (24 bytes).
    Removing stm32f10x_tim.o(i.TIM_SelectInputTrigger), (18 bytes).
    Removing stm32f10x_tim.o(i.TIM_SelectMasterSlaveMode), (18 bytes).
    Removing stm32f10x_tim.o(i.TIM_SelectOCxM), (82 bytes).
    Removing stm32f10x_tim.o(i.TIM_SelectOnePulseMode), (18 bytes).
    Removing stm32f10x_tim.o(i.TIM_SelectOutputTrigger), (18 bytes).
    Removing stm32f10x_tim.o(i.TIM_SelectSlaveMode), (18 bytes).
    Removing stm32f10x_tim.o(i.TIM_SetAutoreload), (4 bytes).
    Removing stm32f10x_tim.o(i.TIM_SetClockDivision), (18 bytes).
    Removing stm32f10x_tim.o(i.TIM_SetCompare1), (4 bytes).
    Removing stm32f10x_tim.o(i.TIM_SetCompare2), (4 bytes).
    Removing stm32f10x_tim.o(i.TIM_SetCompare3), (4 bytes).
    Removing stm32f10x_tim.o(i.TIM_SetCompare4), (6 bytes).
    Removing stm32f10x_tim.o(i.TIM_SetCounter), (4 bytes).
    Removing stm32f10x_tim.o(i.TIM_SetIC1Prescaler), (18 bytes).
    Removing stm32f10x_tim.o(i.TIM_SetIC2Prescaler), (26 bytes).
    Removing stm32f10x_tim.o(i.TIM_SetIC3Prescaler), (18 bytes).
    Removing stm32f10x_tim.o(i.TIM_SetIC4Prescaler), (26 bytes).
    Removing stm32f10x_tim.o(i.TIM_TIxExternalClockConfig), (62 bytes).
    Removing stm32f10x_tim.o(i.TIM_TimeBaseStructInit), (18 bytes).
    Removing stm32f10x_tim.o(i.TIM_UpdateDisableConfig), (24 bytes).
    Removing stm32f10x_tim.o(i.TIM_UpdateRequestConfig), (24 bytes).
    Removing stm32f10x_usart.o(.rev16_text), (4 bytes).
    Removing stm32f10x_usart.o(.revsh_text), (4 bytes).
    Removing stm32f10x_usart.o(i.USART_ClearITPendingBit), (30 bytes).
    Removing stm32f10x_usart.o(i.USART_ClockInit), (34 bytes).
    Removing stm32f10x_usart.o(i.USART_ClockStructInit), (12 bytes).
    Removing stm32f10x_usart.o(i.USART_DMACmd), (18 bytes).
    Removing stm32f10x_usart.o(i.USART_DeInit), (156 bytes).
    Removing stm32f10x_usart.o(i.USART_GetFlagStatus), (26 bytes).
    Removing stm32f10x_usart.o(i.USART_HalfDuplexCmd), (24 bytes).
    Removing stm32f10x_usart.o(i.USART_IrDACmd), (24 bytes).
    Removing stm32f10x_usart.o(i.USART_IrDAConfig), (18 bytes).
    Removing stm32f10x_usart.o(i.USART_LINBreakDetectLengthConfig), (18 bytes).
    Removing stm32f10x_usart.o(i.USART_LINCmd), (24 bytes).
    Removing stm32f10x_usart.o(i.USART_OneBitMethodCmd), (24 bytes).
    Removing stm32f10x_usart.o(i.USART_OverSampling8Cmd), (22 bytes).
    Removing stm32f10x_usart.o(i.USART_ReceiverWakeUpCmd), (24 bytes).
    Removing stm32f10x_usart.o(i.USART_SendBreak), (10 bytes).
    Removing stm32f10x_usart.o(i.USART_SetAddress), (18 bytes).
    Removing stm32f10x_usart.o(i.USART_SetGuardTime), (16 bytes).
    Removing stm32f10x_usart.o(i.USART_SetPrescaler), (16 bytes).
    Removing stm32f10x_usart.o(i.USART_SmartCardCmd), (24 bytes).
    Removing stm32f10x_usart.o(i.USART_SmartCardNACKCmd), (24 bytes).
    Removing stm32f10x_usart.o(i.USART_StructInit), (24 bytes).
    Removing stm32f10x_usart.o(i.USART_WakeUpConfig), (18 bytes).
    Removing system_stm32f10x.o(.rev16_text), (4 bytes).
    Removing system_stm32f10x.o(.revsh_text), (4 bytes).
    Removing system_stm32f10x.o(i.SystemCoreClockUpdate), (164 bytes).
    Removing dadd.o(.text), (334 bytes).
    Removing dmul.o(.text), (228 bytes).
    Removing ddiv.o(.text), (222 bytes).
    Removing dfixul.o(.text), (48 bytes).
    Removing cdrcmple.o(.text), (48 bytes).
    Removing depilogue.o(.text), (186 bytes).

220 unused section(s) (total 9190 bytes) removed from the image.

==============================================================================

Image Symbol Table

    Local Symbols

    Symbol Name                              Value     Ov Type        Size  Object(Section)

    ../clib/microlib/division.c              0x00000000   Number         0  uldiv.o ABSOLUTE
    ../clib/microlib/division.c              0x00000000   Number         0  uidiv.o ABSOLUTE
    ../clib/microlib/init/entry.s            0x00000000   Number         0  entry.o ABSOLUTE
    ../clib/microlib/init/entry.s            0x00000000   Number         0  entry10b.o ABSOLUTE
    ../clib/microlib/init/entry.s            0x00000000   Number         0  entry11a.o ABSOLUTE
    ../clib/microlib/init/entry.s            0x00000000   Number         0  entry11b.o ABSOLUTE
    ../clib/microlib/init/entry.s            0x00000000   Number         0  entry12a.o ABSOLUTE
    ../clib/microlib/init/entry.s            0x00000000   Number         0  entry12b.o ABSOLUTE
    ../clib/microlib/init/entry.s            0x00000000   Number         0  entry2.o ABSOLUTE
    ../clib/microlib/init/entry.s            0x00000000   Number         0  entry5.o ABSOLUTE
    ../clib/microlib/init/entry.s            0x00000000   Number         0  entry7a.o ABSOLUTE
    ../clib/microlib/init/entry.s            0x00000000   Number         0  entry7b.o ABSOLUTE
    ../clib/microlib/init/entry.s            0x00000000   Number         0  entry8a.o ABSOLUTE
    ../clib/microlib/init/entry.s            0x00000000   Number         0  entry8b.o ABSOLUTE
    ../clib/microlib/init/entry.s            0x00000000   Number         0  entry9a.o ABSOLUTE
    ../clib/microlib/init/entry.s            0x00000000   Number         0  entry10a.o ABSOLUTE
    ../clib/microlib/init/entry.s            0x00000000   Number         0  entry9b.o ABSOLUTE
    ../clib/microlib/longlong.c              0x00000000   Number         0  llsshr.o ABSOLUTE
    ../clib/microlib/longlong.c              0x00000000   Number         0  llushr.o ABSOLUTE
    ../clib/microlib/longlong.c              0x00000000   Number         0  llshl.o ABSOLUTE
    ../clib/microlib/printf/printf.c         0x00000000   Number         0  printfb.o ABSOLUTE
    ../clib/microlib/printf/printf.c         0x00000000   Number         0  printf4.o ABSOLUTE
    ../clib/microlib/printf/printf.c         0x00000000   Number         0  printf0.o ABSOLUTE
    ../clib/microlib/printf/printf.c         0x00000000   Number         0  printf1.o ABSOLUTE
    ../clib/microlib/printf/printf.c         0x00000000   Number         0  printf2.o ABSOLUTE
    ../clib/microlib/printf/printf.c         0x00000000   Number         0  printf3.o ABSOLUTE
    ../clib/microlib/printf/printf.c         0x00000000   Number         0  printf5.o ABSOLUTE
    ../clib/microlib/printf/printf.c         0x00000000   Number         0  printf6.o ABSOLUTE
    ../clib/microlib/printf/printf.c         0x00000000   Number         0  printf7.o ABSOLUTE
    ../clib/microlib/printf/printf.c         0x00000000   Number         0  printf8.o ABSOLUTE
    ../clib/microlib/printf/printf.c         0x00000000   Number         0  printfa.o ABSOLUTE
    ../clib/microlib/printf/stubs.s          0x00000000   Number         0  stubs.o ABSOLUTE
    ../clib/microlib/stdio/streams.c         0x00000000   Number         0  stdout.o ABSOLUTE
    ../clib/microlib/string/strlen.c         0x00000000   Number         0  strlen.o ABSOLUTE
    ../clib/microlib/stubs.s                 0x00000000   Number         0  iusefp.o ABSOLUTE
    ../fplib/microlib/fpadd.c                0x00000000   Number         0  dadd.o ABSOLUTE
    ../fplib/microlib/fpdiv.c                0x00000000   Number         0  ddiv.o ABSOLUTE
    ../fplib/microlib/fpepilogue.c           0x00000000   Number         0  depilogue.o ABSOLUTE
    ../fplib/microlib/fpfix.c                0x00000000   Number         0  dfixul.o ABSOLUTE
    ../fplib/microlib/fpmul.c                0x00000000   Number         0  dmul.o ABSOLUTE
    ..\..\Libraries\STM32F10x_StdPeriph_Driver\src\misc.c 0x00000000   Number         0  misc.o ABSOLUTE
    ..\..\Libraries\STM32F10x_StdPeriph_Driver\src\stm32f10x_gpio.c 0x00000000   Number         0  stm32f10x_gpio.o ABSOLUTE
    ..\..\Libraries\STM32F10x_StdPeriph_Driver\src\stm32f10x_rcc.c 0x00000000   Number         0  stm32f10x_rcc.o ABSOLUTE
    ..\..\Libraries\STM32F10x_StdPeriph_Driver\src\stm32f10x_tim.c 0x00000000   Number         0  stm32f10x_tim.o ABSOLUTE
    ..\..\Libraries\STM32F10x_StdPeriph_Driver\src\stm32f10x_usart.c 0x00000000   Number         0  stm32f10x_usart.o ABSOLUTE
    ..\..\User\app\src\main.c                0x00000000   Number         0  main.o ABSOLUTE
    ..\..\User\bsp\bsp.c                     0x00000000   Number         0  bsp.o ABSOLUTE
    ..\..\User\bsp\src\bsp_led.c             0x00000000   Number         0  bsp_led.o ABSOLUTE
    ..\..\User\bsp\src\bsp_timer.c           0x00000000   Number         0  bsp_timer.o ABSOLUTE
    ..\..\User\bsp\src\bsp_uart_fifo.c       0x00000000   Number         0  bsp_uart_fifo.o ABSOLUTE
    ..\..\User\bsp\startup_stm32f10x_md.s    0x00000000   Number         0  startup_stm32f10x_md.o ABSOLUTE
    ..\..\User\bsp\stm32f10x_assert.c        0x00000000   Number         0  stm32f10x_assert.o ABSOLUTE
    ..\..\User\bsp\stm32f10x_it.c            0x00000000   Number         0  stm32f10x_it.o ABSOLUTE
    ..\..\User\bsp\system_stm32f10x.c        0x00000000   Number         0  system_stm32f10x.o ABSOLUTE
    ..\\..\\Libraries\\STM32F10x_StdPeriph_Driver\\src\\misc.c 0x00000000   Number         0  misc.o ABSOLUTE
    ..\\..\\Libraries\\STM32F10x_StdPeriph_Driver\\src\\stm32f10x_gpio.c 0x00000000   Number         0  stm32f10x_gpio.o ABSOLUTE
    ..\\..\\Libraries\\STM32F10x_StdPeriph_Driver\\src\\stm32f10x_rcc.c 0x00000000   Number         0  stm32f10x_rcc.o ABSOLUTE
    ..\\..\\Libraries\\STM32F10x_StdPeriph_Driver\\src\\stm32f10x_tim.c 0x00000000   Number         0  stm32f10x_tim.o ABSOLUTE
    ..\\..\\Libraries\\STM32F10x_StdPeriph_Driver\\src\\stm32f10x_usart.c 0x00000000   Number         0  stm32f10x_usart.o ABSOLUTE
    ..\\..\\User\\app\\src\\main.c           0x00000000   Number         0  main.o ABSOLUTE
    ..\\..\\User\\bsp\\bsp.c                 0x00000000   Number         0  bsp.o ABSOLUTE
    ..\\..\\User\\bsp\\src\\bsp_led.c        0x00000000   Number         0  bsp_led.o ABSOLUTE
    ..\\..\\User\\bsp\\src\\bsp_timer.c      0x00000000   Number         0  bsp_timer.o ABSOLUTE
    ..\\..\\User\\bsp\\src\\bsp_uart_fifo.c  0x00000000   Number         0  bsp_uart_fifo.o ABSOLUTE
    ..\\..\\User\\bsp\\stm32f10x_assert.c    0x00000000   Number         0  stm32f10x_assert.o ABSOLUTE
    ..\\..\\User\\bsp\\stm32f10x_it.c        0x00000000   Number         0  stm32f10x_it.o ABSOLUTE
    ..\\..\\User\\bsp\\system_stm32f10x.c    0x00000000   Number         0  system_stm32f10x.o ABSOLUTE
    cdrcmple.s                               0x00000000   Number         0  cdrcmple.o ABSOLUTE
    dc.s                                     0x00000000   Number         0  dc.o ABSOLUTE
    handlers.s                               0x00000000   Number         0  handlers.o ABSOLUTE
    init.s                                   0x00000000   Number         0  init.o ABSOLUTE
    RESET                                    0x08000000   Section      236  startup_stm32f10x_md.o(RESET)
    .ARM.Collect$$$$00000000                 0x080000ec   Section        0  entry.o(.ARM.Collect$$$$00000000)
    .ARM.Collect$$$$00000001                 0x080000ec   Section        4  entry2.o(.ARM.Collect$$$$00000001)
    .ARM.Collect$$$$00000004                 0x080000f0   Section        4  entry5.o(.ARM.Collect$$$$00000004)
    .ARM.Collect$$$$00000008                 0x080000f4   Section        0  entry7b.o(.ARM.Collect$$$$00000008)
    .ARM.Collect$$$$0000000A                 0x080000f4   Section        0  entry8b.o(.ARM.Collect$$$$0000000A)
    .ARM.Collect$$$$0000000B                 0x080000f4   Section        8  entry9a.o(.ARM.Collect$$$$0000000B)
    .ARM.Collect$$$$0000000E                 0x080000fc   Section        4  entry12b.o(.ARM.Collect$$$$0000000E)
    .ARM.Collect$$$$0000000F                 0x08000100   Section        0  entry10a.o(.ARM.Collect$$$$0000000F)
    .ARM.Collect$$$$00000011                 0x08000100   Section        0  entry11a.o(.ARM.Collect$$$$00000011)
    .ARM.Collect$$$$00002712                 0x08000100   Section        4  entry2.o(.ARM.Collect$$$$00002712)
    __lit__00000000                          0x08000100   Data           4  entry2.o(.ARM.Collect$$$$00002712)
    .text                                    0x08000104   Section       36  startup_stm32f10x_md.o(.text)
    .text                                    0x08000128   Section        0  uldiv.o(.text)
    .text                                    0x0800018c   Section       36  init.o(.text)
    .text                                    0x080001b0   Section        0  llshl.o(.text)
    .text                                    0x080001ce   Section        0  llushr.o(.text)
    i.BusFault_Handler                       0x080001ee   Section        0  stm32f10x_it.o(i.BusFault_Handler)
    i.ComToUart                              0x080001f4   Section        0  bsp_uart_fifo.o(i.ComToUart)
    i.ConfigUartNVIC                         0x08000224   Section        0  bsp_uart_fifo.o(i.ConfigUartNVIC)
    ConfigUartNVIC                           0x08000225   Thumb Code    28  bsp_uart_fifo.o(i.ConfigUartNVIC)
    i.DebugMon_Handler                       0x08000240   Section        0  stm32f10x_it.o(i.DebugMon_Handler)
    i.GPIO_Init                              0x08000242   Section        0  stm32f10x_gpio.o(i.GPIO_Init)
    i.HardFault_Handler                      0x08000358   Section        0  stm32f10x_it.o(i.HardFault_Handler)
    i.InitHardUart                           0x08000360   Section        0  bsp_uart_fifo.o(i.InitHardUart)
    InitHardUart                             0x08000361   Thumb Code   140  bsp_uart_fifo.o(i.InitHardUart)
    i.MemManage_Handler                      0x080003f4   Section        0  stm32f10x_it.o(i.MemManage_Handler)
    i.NMI_Handler                            0x080003f8   Section        0  stm32f10x_it.o(i.NMI_Handler)
    i.NVIC_Init                              0x080003fc   Section        0  misc.o(i.NVIC_Init)
    i.NVIC_PriorityGroupConfig               0x0800046c   Section        0  misc.o(i.NVIC_PriorityGroupConfig)
    i.PendSV_Handler                         0x08000480   Section        0  stm32f10x_it.o(i.PendSV_Handler)
    i.PrintfLogo                             0x08000484   Section        0  main.o(i.PrintfLogo)
    PrintfLogo                               0x08000485   Thumb Code    86  main.o(i.PrintfLogo)
    i.RCC_APB1PeriphClockCmd                 0x08000630   Section        0  stm32f10x_rcc.o(i.RCC_APB1PeriphClockCmd)
    i.RCC_APB2PeriphClockCmd                 0x08000650   Section        0  stm32f10x_rcc.o(i.RCC_APB2PeriphClockCmd)
    i.RCC_GetClocksFreq                      0x08000670   Section        0  stm32f10x_rcc.o(i.RCC_GetClocksFreq)
    i.RS485_InitTXE                          0x08000744   Section        0  bsp_uart_fifo.o(i.RS485_InitTXE)
    i.SVC_Handler                            0x08000770   Section        0  stm32f10x_it.o(i.SVC_Handler)
    i.SetSysClock                            0x08000772   Section        0  system_stm32f10x.o(i.SetSysClock)
    SetSysClock                              0x08000773   Thumb Code     8  system_stm32f10x.o(i.SetSysClock)
    i.SetSysClockTo72                        0x0800077c   Section        0  system_stm32f10x.o(i.SetSysClockTo72)
    SetSysClockTo72                          0x0800077d   Thumb Code   214  system_stm32f10x.o(i.SetSysClockTo72)
    i.SysTick_Handler                        0x0800085c   Section        0  bsp_timer.o(i.SysTick_Handler)
    i.SysTick_ISR                            0x08000864   Section        0  bsp_timer.o(i.SysTick_ISR)
    i.SystemInit                             0x080008e4   Section        0  system_stm32f10x.o(i.SystemInit)
    i.TIM2_IRQHandler                        0x08000944   Section        0  bsp_timer.o(i.TIM2_IRQHandler)
    i.TIM_ClearITPendingBit                  0x080009e0   Section        0  stm32f10x_tim.o(i.TIM_ClearITPendingBit)
    i.TIM_Cmd                                0x080009e6   Section        0  stm32f10x_tim.o(i.TIM_Cmd)
    i.TIM_GetITStatus                        0x080009fe   Section        0  stm32f10x_tim.o(i.TIM_GetITStatus)
    i.TIM_ITConfig                           0x08000a20   Section        0  stm32f10x_tim.o(i.TIM_ITConfig)
    i.TIM_TimeBaseInit                       0x08000a34   Section        0  stm32f10x_tim.o(i.TIM_TimeBaseInit)
    i.USART1_IRQHandler                      0x08000ad8   Section        0  bsp_uart_fifo.o(i.USART1_IRQHandler)
    i.USART_ClearFlag                        0x08000ae8   Section        0  stm32f10x_usart.o(i.USART_ClearFlag)
    i.USART_Cmd                              0x08000afa   Section        0  stm32f10x_usart.o(i.USART_Cmd)
    i.USART_GetITStatus                      0x08000b12   Section        0  stm32f10x_usart.o(i.USART_GetITStatus)
    i.USART_ITConfig                         0x08000b66   Section        0  stm32f10x_usart.o(i.USART_ITConfig)
    i.USART_Init                             0x08000bb0   Section        0  stm32f10x_usart.o(i.USART_Init)
    i.USART_ReceiveData                      0x08000c88   Section        0  stm32f10x_usart.o(i.USART_ReceiveData)
    i.USART_SendData                         0x08000c92   Section        0  stm32f10x_usart.o(i.USART_SendData)
    i.USB_LP_CAN1_RX0_IRQHandler             0x08000c9c   Section        0  stm32f10x_it.o(i.USB_LP_CAN1_RX0_IRQHandler)
    i.UartIRQ                                0x08000ca8   Section        0  bsp_uart_fifo.o(i.UartIRQ)
    UartIRQ                                  0x08000ca9   Thumb Code   230  bsp_uart_fifo.o(i.UartIRQ)
    i.UartSend                               0x08000d8e   Section        0  bsp_uart_fifo.o(i.UartSend)
    UartSend                                 0x08000d8f   Thumb Code   114  bsp_uart_fifo.o(i.UartSend)
    i.UartVarInit                            0x08000e00   Section        0  bsp_uart_fifo.o(i.UartVarInit)
    UartVarInit                              0x08000e01   Thumb Code    44  bsp_uart_fifo.o(i.UartVarInit)
    i.UsageFault_Handler                     0x08000e3c   Section        0  stm32f10x_it.o(i.UsageFault_Handler)
    i.__0printf$8                            0x08000e40   Section        0  printf8.o(i.__0printf$8)
    i.__scatterload_copy                     0x08000e60   Section       14  handlers.o(i.__scatterload_copy)
    i.__scatterload_null                     0x08000e6e   Section        2  handlers.o(i.__scatterload_null)
    i.__scatterload_zeroinit                 0x08000e70   Section       14  handlers.o(i.__scatterload_zeroinit)
    i.__set_PRIMASK                          0x08000e7e   Section        0  bsp_uart_fifo.o(i.__set_PRIMASK)
    __set_PRIMASK                            0x08000e7f   Thumb Code     6  bsp_uart_fifo.o(i.__set_PRIMASK)
    i._printf_core                           0x08000e84   Section        0  printf8.o(i._printf_core)
    _printf_core                             0x08000e85   Thumb Code   984  printf8.o(i._printf_core)
    i._printf_post_padding                   0x08001288   Section        0  printf8.o(i._printf_post_padding)
    _printf_post_padding                     0x08001289   Thumb Code    36  printf8.o(i._printf_post_padding)
    i._printf_pre_padding                    0x080012ac   Section        0  printf8.o(i._printf_pre_padding)
    _printf_pre_padding                      0x080012ad   Thumb Code    46  printf8.o(i._printf_pre_padding)
    i.bsp_Init                               0x080012da   Section        0  bsp.o(i.bsp_Init)
    i.bsp_InitHardTimer                      0x080012f4   Section        0  bsp_timer.o(i.bsp_InitHardTimer)
    i.bsp_InitLed                            0x0800135c   Section        0  bsp_led.o(i.bsp_InitLed)
    i.bsp_InitTimer                          0x080013b4   Section        0  bsp_timer.o(i.bsp_InitTimer)
    i.bsp_InitUart                           0x08001454   Section        0  bsp_uart_fifo.o(i.bsp_InitUart)
    i.bsp_LedOff                             0x08001468   Section        0  bsp_led.o(i.bsp_LedOff)
    i.bsp_LedOn                              0x08001490   Section        0  bsp_led.o(i.bsp_LedOn)
    i.bsp_RunPer1ms                          0x080014b8   Section        0  bsp.o(i.bsp_RunPer1ms)
    i.bsp_SoftTimerDec                       0x080014ba   Section        0  bsp_timer.o(i.bsp_SoftTimerDec)
    bsp_SoftTimerDec                         0x080014bb   Thumb Code    28  bsp_timer.o(i.bsp_SoftTimerDec)
    i.comSendBuf                             0x080014d6   Section        0  bsp_uart_fifo.o(i.comSendBuf)
    i.comSendChar                            0x080014fc   Section        0  bsp_uart_fifo.o(i.comSendChar)
    i.fputc                                  0x0800150c   Section        0  bsp_uart_fifo.o(i.fputc)
    i.main                                   0x0800151e   Section        0  main.o(i.main)
    .data                                    0x20000000   Section       29  bsp_timer.o(.data)
    s_uiDelayCount                           0x20000000   Data           4  bsp_timer.o(.data)
    s_ucTimeOutFlag                          0x20000004   Data           1  bsp_timer.o(.data)
    s_TIM_CallBack1                          0x2000000c   Data           4  bsp_timer.o(.data)
    s_TIM_CallBack2                          0x20000010   Data           4  bsp_timer.o(.data)
    s_TIM_CallBack3                          0x20000014   Data           4  bsp_timer.o(.data)
    s_TIM_CallBack4                          0x20000018   Data           4  bsp_timer.o(.data)
    s_count                                  0x2000001c   Data           1  bsp_timer.o(.data)
    .data                                    0x2000001d   Section       20  stm32f10x_rcc.o(.data)
    APBAHBPrescTable                         0x2000001d   Data          16  stm32f10x_rcc.o(.data)
    ADCPrescTable                            0x2000002d   Data           4  stm32f10x_rcc.o(.data)
    .data                                    0x20000034   Section       20  system_stm32f10x.o(.data)
    .data                                    0x20000048   Section        4  stdout.o(.data)
    .bss                                     0x2000004c   Section       48  bsp_timer.o(.bss)
    s_tTmr                                   0x2000004c   Data          48  bsp_timer.o(.bss)
    .bss                                     0x2000007c   Section     2088  bsp_uart_fifo.o(.bss)
    g_tUart1                                 0x2000007c   Data          40  bsp_uart_fifo.o(.bss)
    g_TxBuf1                                 0x200000a4   Data        1024  bsp_uart_fifo.o(.bss)
    g_RxBuf1                                 0x200004a4   Data        1024  bsp_uart_fifo.o(.bss)
    STACK                                    0x200008a8   Section     1024  startup_stm32f10x_md.o(STACK)

    Global Symbols

    Symbol Name                              Value     Ov Type        Size  Object(Section)

    BuildAttributes$$THM_ISAv4$P$D$K$B$S$PE$A:L22UL41UL21$X:L11$S22US41US21$IEEE1$IW$USESV6$~STKCKD$USESV7$~SHL$OSPACE$ROPI$EBA8$MICROLIB$REQ8$PRES8$EABIv2 0x00000000   Number         0  anon$$obj.o ABSOLUTE
    __ARM_use_no_argv                        0x00000000   Number         0  main.o ABSOLUTE
    _printf_a                                0x00000000   Number         0  stubs.o ABSOLUTE
    _printf_c                                0x00000000   Number         0  stubs.o ABSOLUTE
    _printf_charcount                        0x00000000   Number         0  stubs.o ABSOLUTE
    _printf_d                                0x00000000   Number         0  stubs.o ABSOLUTE
    _printf_e                                0x00000000   Number         0  stubs.o ABSOLUTE
    _printf_f                                0x00000000   Number         0  stubs.o ABSOLUTE
    _printf_flags                            0x00000000   Number         0  stubs.o ABSOLUTE
    _printf_fp_dec                           0x00000000   Number         0  stubs.o ABSOLUTE
    _printf_fp_hex                           0x00000000   Number         0  stubs.o ABSOLUTE
    _printf_g                                0x00000000   Number         0  stubs.o ABSOLUTE
    _printf_i                                0x00000000   Number         0  stubs.o ABSOLUTE
    _printf_int_dec                          0x00000000   Number         0  stubs.o ABSOLUTE
    _printf_l                                0x00000000   Number         0  stubs.o ABSOLUTE
    _printf_lc                               0x00000000   Number         0  stubs.o ABSOLUTE
    _printf_ll                               0x00000000   Number         0  stubs.o ABSOLUTE
    _printf_lld                              0x00000000   Number         0  stubs.o ABSOLUTE
    _printf_lli                              0x00000000   Number         0  stubs.o ABSOLUTE
    _printf_llo                              0x00000000   Number         0  stubs.o ABSOLUTE
    _printf_llu                              0x00000000   Number         0  stubs.o ABSOLUTE
    _printf_llx                              0x00000000   Number         0  stubs.o ABSOLUTE
    _printf_longlong_dec                     0x00000000   Number         0  stubs.o ABSOLUTE
    _printf_longlong_hex                     0x00000000   Number         0  stubs.o ABSOLUTE
    _printf_longlong_oct                     0x00000000   Number         0  stubs.o ABSOLUTE
    _printf_ls                               0x00000000   Number         0  stubs.o ABSOLUTE
    _printf_mbtowc                           0x00000000   Number         0  stubs.o ABSOLUTE
    _printf_n                                0x00000000   Number         0  stubs.o ABSOLUTE
    _printf_o                                0x00000000   Number         0  stubs.o ABSOLUTE
    _printf_p                                0x00000000   Number         0  stubs.o ABSOLUTE
    _printf_percent                          0x00000000   Number         0  stubs.o ABSOLUTE
    _printf_pre_padding                      0x00000000   Number         0  stubs.o ABSOLUTE
    _printf_return_value                     0x00000000   Number         0  stubs.o ABSOLUTE
    _printf_s                                0x00000000   Number         0  stubs.o ABSOLUTE
    _printf_sizespec                         0x00000000   Number         0  stubs.o ABSOLUTE
    _printf_str                              0x00000000   Number         0  stubs.o ABSOLUTE
    _printf_truncate_signed                  0x00000000   Number         0  stubs.o ABSOLUTE
    _printf_truncate_unsigned                0x00000000   Number         0  stubs.o ABSOLUTE
    _printf_u                                0x00000000   Number         0  stubs.o ABSOLUTE
    _printf_wc                               0x00000000   Number         0  stubs.o ABSOLUTE
    _printf_wctomb                           0x00000000   Number         0  stubs.o ABSOLUTE
    _printf_widthprec                        0x00000000   Number         0  stubs.o ABSOLUTE
    _printf_x                                0x00000000   Number         0  stubs.o ABSOLUTE
    __arm_fini_                               - Undefined Weak Reference
    __cpp_initialize__aeabi_                  - Undefined Weak Reference
    __cxa_finalize                            - Undefined Weak Reference
    __decompress                              - Undefined Weak Reference
    _clock_init                               - Undefined Weak Reference
    _microlib_exit                            - Undefined Weak Reference
    __Vectors_Size                           0x000000ec   Number         0  startup_stm32f10x_md.o ABSOLUTE
    __Vectors                                0x08000000   Data           4  startup_stm32f10x_md.o(RESET)
    __Vectors_End                            0x080000ec   Data           0  startup_stm32f10x_md.o(RESET)
    __main                                   0x080000ed   Thumb Code     0  entry.o(.ARM.Collect$$$$00000000)
    _main_stk                                0x080000ed   Thumb Code     0  entry2.o(.ARM.Collect$$$$00000001)
    _main_scatterload                        0x080000f1   Thumb Code     0  entry5.o(.ARM.Collect$$$$00000004)
    __main_after_scatterload                 0x080000f5   Thumb Code     0  entry5.o(.ARM.Collect$$$$00000004)
    _main_clock                              0x080000f5   Thumb Code     0  entry7b.o(.ARM.Collect$$$$00000008)
    _main_cpp_init                           0x080000f5   Thumb Code     0  entry8b.o(.ARM.Collect$$$$0000000A)
    _main_init                               0x080000f5   Thumb Code     0  entry9a.o(.ARM.Collect$$$$0000000B)
    __rt_lib_shutdown_fini                   0x080000fd   Thumb Code     0  entry12b.o(.ARM.Collect$$$$0000000E)
    __rt_final_cpp                           0x08000101   Thumb Code     0  entry10a.o(.ARM.Collect$$$$0000000F)
    __rt_final_exit                          0x08000101   Thumb Code     0  entry11a.o(.ARM.Collect$$$$00000011)
    Reset_Handler                            0x08000105   Thumb Code     8  startup_stm32f10x_md.o(.text)
    ADC1_2_IRQHandler                        0x0800011f   Thumb Code     0  startup_stm32f10x_md.o(.text)
    CAN1_RX1_IRQHandler                      0x0800011f   Thumb Code     0  startup_stm32f10x_md.o(.text)
    CAN1_SCE_IRQHandler                      0x0800011f   Thumb Code     0  startup_stm32f10x_md.o(.text)
    DMA1_Channel1_IRQHandler                 0x0800011f   Thumb Code     0  startup_stm32f10x_md.o(.text)
    DMA1_Channel2_IRQHandler                 0x0800011f   Thumb Code     0  startup_stm32f10x_md.o(.text)
    DMA1_Channel3_IRQHandler                 0x0800011f   Thumb Code     0  startup_stm32f10x_md.o(.text)
    DMA1_Channel4_IRQHandler                 0x0800011f   Thumb Code     0  startup_stm32f10x_md.o(.text)
    DMA1_Channel5_IRQHandler                 0x0800011f   Thumb Code     0  startup_stm32f10x_md.o(.text)
    DMA1_Channel6_IRQHandler                 0x0800011f   Thumb Code     0  startup_stm32f10x_md.o(.text)
    DMA1_Channel7_IRQHandler                 0x0800011f   Thumb Code     0  startup_stm32f10x_md.o(.text)
    EXTI0_IRQHandler                         0x0800011f   Thumb Code     0  startup_stm32f10x_md.o(.text)
    EXTI15_10_IRQHandler                     0x0800011f   Thumb Code     0  startup_stm32f10x_md.o(.text)
    EXTI1_IRQHandler                         0x0800011f   Thumb Code     0  startup_stm32f10x_md.o(.text)
    EXTI2_IRQHandler                         0x0800011f   Thumb Code     0  startup_stm32f10x_md.o(.text)
    EXTI3_IRQHandler                         0x0800011f   Thumb Code     0  startup_stm32f10x_md.o(.text)
    EXTI4_IRQHandler                         0x0800011f   Thumb Code     0  startup_stm32f10x_md.o(.text)
    EXTI9_5_IRQHandler                       0x0800011f   Thumb Code     0  startup_stm32f10x_md.o(.text)
    FLASH_IRQHandler                         0x0800011f   Thumb Code     0  startup_stm32f10x_md.o(.text)
    I2C1_ER_IRQHandler                       0x0800011f   Thumb Code     0  startup_stm32f10x_md.o(.text)
    I2C1_EV_IRQHandler                       0x0800011f   Thumb Code     0  startup_stm32f10x_md.o(.text)
    I2C2_ER_IRQHandler                       0x0800011f   Thumb Code     0  startup_stm32f10x_md.o(.text)
    I2C2_EV_IRQHandler                       0x0800011f   Thumb Code     0  startup_stm32f10x_md.o(.text)
    PVD_IRQHandler                           0x0800011f   Thumb Code     0  startup_stm32f10x_md.o(.text)
    RCC_IRQHandler                           0x0800011f   Thumb Code     0  startup_stm32f10x_md.o(.text)
    RTCAlarm_IRQHandler                      0x0800011f   Thumb Code     0  startup_stm32f10x_md.o(.text)
    RTC_IRQHandler                           0x0800011f   Thumb Code     0  startup_stm32f10x_md.o(.text)
    SPI1_IRQHandler                          0x0800011f   Thumb Code     0  startup_stm32f10x_md.o(.text)
    SPI2_IRQHandler                          0x0800011f   Thumb Code     0  startup_stm32f10x_md.o(.text)
    TAMPER_IRQHandler                        0x0800011f   Thumb Code     0  startup_stm32f10x_md.o(.text)
    TIM1_BRK_IRQHandler                      0x0800011f   Thumb Code     0  startup_stm32f10x_md.o(.text)
    TIM1_CC_IRQHandler                       0x0800011f   Thumb Code     0  startup_stm32f10x_md.o(.text)
    TIM1_TRG_COM_IRQHandler                  0x0800011f   Thumb Code     0  startup_stm32f10x_md.o(.text)
    TIM1_UP_IRQHandler                       0x0800011f   Thumb Code     0  startup_stm32f10x_md.o(.text)
    TIM3_IRQHandler                          0x0800011f   Thumb Code     0  startup_stm32f10x_md.o(.text)
    TIM4_IRQHandler                          0x0800011f   Thumb Code     0  startup_stm32f10x_md.o(.text)
    USART2_IRQHandler                        0x0800011f   Thumb Code     0  startup_stm32f10x_md.o(.text)
    USART3_IRQHandler                        0x0800011f   Thumb Code     0  startup_stm32f10x_md.o(.text)
    USBWakeUp_IRQHandler                     0x0800011f   Thumb Code     0  startup_stm32f10x_md.o(.text)
    USB_HP_CAN1_TX_IRQHandler                0x0800011f   Thumb Code     0  startup_stm32f10x_md.o(.text)
    WWDG_IRQHandler                          0x0800011f   Thumb Code     0  startup_stm32f10x_md.o(.text)
    __aeabi_uldivmod                         0x08000129   Thumb Code    98  uldiv.o(.text)
    __scatterload                            0x0800018d   Thumb Code    28  init.o(.text)
    __scatterload_rt2                        0x0800018d   Thumb Code     0  init.o(.text)
    __aeabi_llsl                             0x080001b1   Thumb Code    30  llshl.o(.text)
    _ll_shift_l                              0x080001b1   Thumb Code     0  llshl.o(.text)
    __aeabi_llsr                             0x080001cf   Thumb Code    32  llushr.o(.text)
    _ll_ushift_r                             0x080001cf   Thumb Code     0  llushr.o(.text)
    BusFault_Handler                         0x080001ef   Thumb Code     4  stm32f10x_it.o(i.BusFault_Handler)
    ComToUart                                0x080001f5   Thumb Code    44  bsp_uart_fifo.o(i.ComToUart)
    DebugMon_Handler                         0x08000241   Thumb Code     2  stm32f10x_it.o(i.DebugMon_Handler)
    GPIO_Init                                0x08000243   Thumb Code   278  stm32f10x_gpio.o(i.GPIO_Init)
    HardFault_Handler                        0x08000359   Thumb Code     6  stm32f10x_it.o(i.HardFault_Handler)
    MemManage_Handler                        0x080003f5   Thumb Code     4  stm32f10x_it.o(i.MemManage_Handler)
    NMI_Handler                              0x080003f9   Thumb Code     2  stm32f10x_it.o(i.NMI_Handler)
    NVIC_Init                                0x080003fd   Thumb Code   100  misc.o(i.NVIC_Init)
    NVIC_PriorityGroupConfig                 0x0800046d   Thumb Code    10  misc.o(i.NVIC_PriorityGroupConfig)
    PendSV_Handler                           0x08000481   Thumb Code     2  stm32f10x_it.o(i.PendSV_Handler)
    RCC_APB1PeriphClockCmd                   0x08000631   Thumb Code    26  stm32f10x_rcc.o(i.RCC_APB1PeriphClockCmd)
    RCC_APB2PeriphClockCmd                   0x08000651   Thumb Code    26  stm32f10x_rcc.o(i.RCC_APB2PeriphClockCmd)
    RCC_GetClocksFreq                        0x08000671   Thumb Code   192  stm32f10x_rcc.o(i.RCC_GetClocksFreq)
    RS485_InitTXE                            0x08000745   Thumb Code    38  bsp_uart_fifo.o(i.RS485_InitTXE)
    SVC_Handler                              0x08000771   Thumb Code     2  stm32f10x_it.o(i.SVC_Handler)
    SysTick_Handler                          0x0800085d   Thumb Code     8  bsp_timer.o(i.SysTick_Handler)
    SysTick_ISR                              0x08000865   Thumb Code   106  bsp_timer.o(i.SysTick_ISR)
    SystemInit                               0x080008e5   Thumb Code    78  system_stm32f10x.o(i.SystemInit)
    TIM2_IRQHandler                          0x08000945   Thumb Code   140  bsp_timer.o(i.TIM2_IRQHandler)
    TIM_ClearITPendingBit                    0x080009e1   Thumb Code     6  stm32f10x_tim.o(i.TIM_ClearITPendingBit)
    TIM_Cmd                                  0x080009e7   Thumb Code    24  stm32f10x_tim.o(i.TIM_Cmd)
    TIM_GetITStatus                          0x080009ff   Thumb Code    34  stm32f10x_tim.o(i.TIM_GetITStatus)
    TIM_ITConfig                             0x08000a21   Thumb Code    18  stm32f10x_tim.o(i.TIM_ITConfig)
    TIM_TimeBaseInit                         0x08000a35   Thumb Code   122  stm32f10x_tim.o(i.TIM_TimeBaseInit)
    USART1_IRQHandler                        0x08000ad9   Thumb Code    10  bsp_uart_fifo.o(i.USART1_IRQHandler)
    USART_ClearFlag                          0x08000ae9   Thumb Code    18  stm32f10x_usart.o(i.USART_ClearFlag)
    USART_Cmd                                0x08000afb   Thumb Code    24  stm32f10x_usart.o(i.USART_Cmd)
    USART_GetITStatus                        0x08000b13   Thumb Code    84  stm32f10x_usart.o(i.USART_GetITStatus)
    USART_ITConfig                           0x08000b67   Thumb Code    74  stm32f10x_usart.o(i.USART_ITConfig)
    USART_Init                               0x08000bb1   Thumb Code   210  stm32f10x_usart.o(i.USART_Init)
    USART_ReceiveData                        0x08000c89   Thumb Code    10  stm32f10x_usart.o(i.USART_ReceiveData)
    USART_SendData                           0x08000c93   Thumb Code     8  stm32f10x_usart.o(i.USART_SendData)
    USB_LP_CAN1_RX0_IRQHandler               0x08000c9d   Thumb Code     6  stm32f10x_it.o(i.USB_LP_CAN1_RX0_IRQHandler)
    UsageFault_Handler                       0x08000e3d   Thumb Code     4  stm32f10x_it.o(i.UsageFault_Handler)
    __0printf$8                              0x08000e41   Thumb Code    22  printf8.o(i.__0printf$8)
    __1printf$8                              0x08000e41   Thumb Code     0  printf8.o(i.__0printf$8)
    __2printf                                0x08000e41   Thumb Code     0  printf8.o(i.__0printf$8)
    __scatterload_copy                       0x08000e61   Thumb Code    14  handlers.o(i.__scatterload_copy)
    __scatterload_null                       0x08000e6f   Thumb Code     2  handlers.o(i.__scatterload_null)
    __scatterload_zeroinit                   0x08000e71   Thumb Code    14  handlers.o(i.__scatterload_zeroinit)
    bsp_Init                                 0x080012db   Thumb Code    24  bsp.o(i.bsp_Init)
    bsp_InitHardTimer                        0x080012f5   Thumb Code    96  bsp_timer.o(i.bsp_InitHardTimer)
    bsp_InitLed                              0x0800135d   Thumb Code    84  bsp_led.o(i.bsp_InitLed)
    bsp_InitTimer                            0x080013b5   Thumb Code   142  bsp_timer.o(i.bsp_InitTimer)
    bsp_InitUart                             0x08001455   Thumb Code    20  bsp_uart_fifo.o(i.bsp_InitUart)
    bsp_LedOff                               0x08001469   Thumb Code    36  bsp_led.o(i.bsp_LedOff)
    bsp_LedOn                                0x08001491   Thumb Code    36  bsp_led.o(i.bsp_LedOn)
    bsp_RunPer1ms                            0x080014b9   Thumb Code     2  bsp.o(i.bsp_RunPer1ms)
    comSendBuf                               0x080014d7   Thumb Code    38  bsp_uart_fifo.o(i.comSendBuf)
    comSendChar                              0x080014fd   Thumb Code    16  bsp_uart_fifo.o(i.comSendChar)
    fputc                                    0x0800150d   Thumb Code    18  bsp_uart_fifo.o(i.fputc)
    main                                     0x0800151f   Thumb Code    30  main.o(i.main)
    Region$$Table$$Base                      0x0800153c   Number         0  anon$$obj.o(Region$$Table)
    Region$$Table$$Limit                     0x0800155c   Number         0  anon$$obj.o(Region$$Table)
    g_iRunTime                               0x20000008   Data           4  bsp_timer.o(.data)
    SystemCoreClock                          0x20000034   Data           4  system_stm32f10x.o(.data)
    AHBPrescTable                            0x20000038   Data          16  system_stm32f10x.o(.data)
    __stdout                                 0x20000048   Data           4  stdout.o(.data)
    __initial_sp                             0x20000ca8   Data           0  startup_stm32f10x_md.o(STACK)



==============================================================================

Memory Map of the image

  Image Entry point : 0x080000ed

  Load Region LR_IROM1 (Base: 0x08000000, Size: 0x000015a8, Max: 0x00010000, ABSOLUTE)

    Execution Region ER_IROM1 (Exec base: 0x08000000, Load base: 0x08000000, Size: 0x0000155c, Max: 0x00010000, ABSOLUTE)

    Exec Addr    Load Addr    Size         Type   Attr      Idx    E Section Name        Object

    0x08000000   0x08000000   0x000000ec   Data   RO          602    RESET               startup_stm32f10x_md.o
    0x080000ec   0x080000ec   0x00000000   Code   RO         1767  * .ARM.Collect$$$$00000000  mc_w.l(entry.o)
    0x080000ec   0x080000ec   0x00000004   Code   RO         2033    .ARM.Collect$$$$00000001  mc_w.l(entry2.o)
    0x080000f0   0x080000f0   0x00000004   Code   RO         2036    .ARM.Collect$$$$00000004  mc_w.l(entry5.o)
    0x080000f4   0x080000f4   0x00000000   Code   RO         2038    .ARM.Collect$$$$00000008  mc_w.l(entry7b.o)
    0x080000f4   0x080000f4   0x00000000   Code   RO         2040    .ARM.Collect$$$$0000000A  mc_w.l(entry8b.o)
    0x080000f4   0x080000f4   0x00000008   Code   RO         2041    .ARM.Collect$$$$0000000B  mc_w.l(entry9a.o)
    0x080000fc   0x080000fc   0x00000004   Code   RO         2048    .ARM.Collect$$$$0000000E  mc_w.l(entry12b.o)
    0x08000100   0x08000100   0x00000000   Code   RO         2043    .ARM.Collect$$$$0000000F  mc_w.l(entry10a.o)
    0x08000100   0x08000100   0x00000000   Code   RO         2045    .ARM.Collect$$$$00000011  mc_w.l(entry11a.o)
    0x08000100   0x08000100   0x00000004   Code   RO         2034    .ARM.Collect$$$$00002712  mc_w.l(entry2.o)
    0x08000104   0x08000104   0x00000024   Code   RO          603    .text               startup_stm32f10x_md.o
    0x08000128   0x08000128   0x00000062   Code   RO         2052    .text               mc_w.l(uldiv.o)
    0x0800018a   0x0800018a   0x00000002   PAD
    0x0800018c   0x0800018c   0x00000024   Code   RO         2065    .text               mc_w.l(init.o)
    0x080001b0   0x080001b0   0x0000001e   Code   RO         2067    .text               mc_w.l(llshl.o)
    0x080001ce   0x080001ce   0x00000020   Code   RO         2069    .text               mc_w.l(llushr.o)
    0x080001ee   0x080001ee   0x00000004   Code   RO          349    i.BusFault_Handler  stm32f10x_it.o
    0x080001f2   0x080001f2   0x00000002   PAD
    0x080001f4   0x080001f4   0x00000030   Code   RO          437    i.ComToUart         bsp_uart_fifo.o
    0x08000224   0x08000224   0x0000001c   Code   RO          438    i.ConfigUartNVIC    bsp_uart_fifo.o
    0x08000240   0x08000240   0x00000002   Code   RO          350    i.DebugMon_Handler  stm32f10x_it.o
    0x08000242   0x08000242   0x00000116   Code   RO          615    i.GPIO_Init         stm32f10x_gpio.o
    0x08000358   0x08000358   0x00000006   Code   RO          351    i.HardFault_Handler  stm32f10x_it.o
    0x0800035e   0x0800035e   0x00000002   PAD
    0x08000360   0x08000360   0x00000094   Code   RO          439    i.InitHardUart      bsp_uart_fifo.o
    0x080003f4   0x080003f4   0x00000004   Code   RO          352    i.MemManage_Handler  stm32f10x_it.o
    0x080003f8   0x080003f8   0x00000002   Code   RO          353    i.NMI_Handler       stm32f10x_it.o
    0x080003fa   0x080003fa   0x00000002   PAD
    0x080003fc   0x080003fc   0x00000070   Code   RO          939    i.NVIC_Init         misc.o
    0x0800046c   0x0800046c   0x00000014   Code   RO          940    i.NVIC_PriorityGroupConfig  misc.o
    0x08000480   0x08000480   0x00000002   Code   RO          354    i.PendSV_Handler    stm32f10x_it.o
    0x08000482   0x08000482   0x00000002   PAD
    0x08000484   0x08000484   0x000001ac   Code   RO            4    i.PrintfLogo        main.o
    0x08000630   0x08000630   0x00000020   Code   RO          733    i.RCC_APB1PeriphClockCmd  stm32f10x_rcc.o
    0x08000650   0x08000650   0x00000020   Code   RO          735    i.RCC_APB2PeriphClockCmd  stm32f10x_rcc.o
    0x08000670   0x08000670   0x000000d4   Code   RO          743    i.RCC_GetClocksFreq  stm32f10x_rcc.o
    0x08000744   0x08000744   0x0000002c   Code   RO          440    i.RS485_InitTXE     bsp_uart_fifo.o
    0x08000770   0x08000770   0x00000002   Code   RO          355    i.SVC_Handler       stm32f10x_it.o
    0x08000772   0x08000772   0x00000008   Code   RO         1727    i.SetSysClock       system_stm32f10x.o
    0x0800077a   0x0800077a   0x00000002   PAD
    0x0800077c   0x0800077c   0x000000e0   Code   RO         1728    i.SetSysClockTo72   system_stm32f10x.o
    0x0800085c   0x0800085c   0x00000008   Code   RO          197    i.SysTick_Handler   bsp_timer.o
    0x08000864   0x08000864   0x00000080   Code   RO          198    i.SysTick_ISR       bsp_timer.o
    0x080008e4   0x080008e4   0x00000060   Code   RO         1730    i.SystemInit        system_stm32f10x.o
    0x08000944   0x08000944   0x0000009c   Code   RO          199    i.TIM2_IRQHandler   bsp_timer.o
    0x080009e0   0x080009e0   0x00000006   Code   RO          994    i.TIM_ClearITPendingBit  stm32f10x_tim.o
    0x080009e6   0x080009e6   0x00000018   Code   RO          999    i.TIM_Cmd           stm32f10x_tim.o
    0x080009fe   0x080009fe   0x00000022   Code   RO         1020    i.TIM_GetITStatus   stm32f10x_tim.o
    0x08000a20   0x08000a20   0x00000012   Code   RO         1024    i.TIM_ITConfig      stm32f10x_tim.o
    0x08000a32   0x08000a32   0x00000002   PAD
    0x08000a34   0x08000a34   0x000000a4   Code   RO         1070    i.TIM_TimeBaseInit  stm32f10x_tim.o
    0x08000ad8   0x08000ad8   0x00000010   Code   RO          446    i.USART1_IRQHandler  bsp_uart_fifo.o
    0x08000ae8   0x08000ae8   0x00000012   Code   RO         1539    i.USART_ClearFlag   stm32f10x_usart.o
    0x08000afa   0x08000afa   0x00000018   Code   RO         1543    i.USART_Cmd         stm32f10x_usart.o
    0x08000b12   0x08000b12   0x00000054   Code   RO         1547    i.USART_GetITStatus  stm32f10x_usart.o
    0x08000b66   0x08000b66   0x0000004a   Code   RO         1549    i.USART_ITConfig    stm32f10x_usart.o
    0x08000bb0   0x08000bb0   0x000000d8   Code   RO         1550    i.USART_Init        stm32f10x_usart.o
    0x08000c88   0x08000c88   0x0000000a   Code   RO         1557    i.USART_ReceiveData  stm32f10x_usart.o
    0x08000c92   0x08000c92   0x00000008   Code   RO         1560    i.USART_SendData    stm32f10x_usart.o
    0x08000c9a   0x08000c9a   0x00000002   PAD
    0x08000c9c   0x08000c9c   0x0000000c   Code   RO          356    i.USB_LP_CAN1_RX0_IRQHandler  stm32f10x_it.o
    0x08000ca8   0x08000ca8   0x000000e6   Code   RO          448    i.UartIRQ           bsp_uart_fifo.o
    0x08000d8e   0x08000d8e   0x00000072   Code   RO          449    i.UartSend          bsp_uart_fifo.o
    0x08000e00   0x08000e00   0x0000003c   Code   RO          450    i.UartVarInit       bsp_uart_fifo.o
    0x08000e3c   0x08000e3c   0x00000004   Code   RO          357    i.UsageFault_Handler  stm32f10x_it.o
    0x08000e40   0x08000e40   0x00000020   Code   RO         1979    i.__0printf$8       mc_w.l(printf8.o)
    0x08000e60   0x08000e60   0x0000000e   Code   RO         2077    i.__scatterload_copy  mc_w.l(handlers.o)
    0x08000e6e   0x08000e6e   0x00000002   Code   RO         2078    i.__scatterload_null  mc_w.l(handlers.o)
    0x08000e70   0x08000e70   0x0000000e   Code   RO         2079    i.__scatterload_zeroinit  mc_w.l(handlers.o)
    0x08000e7e   0x08000e7e   0x00000006   Code   RO          451    i.__set_PRIMASK     bsp_uart_fifo.o
    0x08000e84   0x08000e84   0x00000404   Code   RO         1986    i._printf_core      mc_w.l(printf8.o)
    0x08001288   0x08001288   0x00000024   Code   RO         1987    i._printf_post_padding  mc_w.l(printf8.o)
    0x080012ac   0x080012ac   0x0000002e   Code   RO         1988    i._printf_pre_padding  mc_w.l(printf8.o)
    0x080012da   0x080012da   0x00000018   Code   RO          318    i.bsp_Init          bsp.o
    0x080012f2   0x080012f2   0x00000002   PAD
    0x080012f4   0x080012f4   0x00000068   Code   RO          206    i.bsp_InitHardTimer  bsp_timer.o
    0x0800135c   0x0800135c   0x00000058   Code   RO          153    i.bsp_InitLed       bsp_led.o
    0x080013b4   0x080013b4   0x000000a0   Code   RO          207    i.bsp_InitTimer     bsp_timer.o
    0x08001454   0x08001454   0x00000014   Code   RO          452    i.bsp_InitUart      bsp_uart_fifo.o
    0x08001468   0x08001468   0x00000028   Code   RO          155    i.bsp_LedOff        bsp_led.o
    0x08001490   0x08001490   0x00000028   Code   RO          156    i.bsp_LedOn         bsp_led.o
    0x080014b8   0x080014b8   0x00000002   Code   RO          319    i.bsp_RunPer1ms     bsp.o
    0x080014ba   0x080014ba   0x0000001c   Code   RO          208    i.bsp_SoftTimerDec  bsp_timer.o
    0x080014d6   0x080014d6   0x00000026   Code   RO          459    i.comSendBuf        bsp_uart_fifo.o
    0x080014fc   0x080014fc   0x00000010   Code   RO          460    i.comSendChar       bsp_uart_fifo.o
    0x0800150c   0x0800150c   0x00000012   Code   RO          462    i.fputc             bsp_uart_fifo.o
    0x0800151e   0x0800151e   0x0000001e   Code   RO            5    i.main              main.o
    0x0800153c   0x0800153c   0x00000020   Data   RO         2075    Region$$Table       anon$$obj.o


    Execution Region RW_IRAM1 (Exec base: 0x20000000, Load base: 0x0800155c, Size: 0x00000ca8, Max: 0x00005000, ABSOLUTE)

    Exec Addr    Load Addr    Size         Type   Attr      Idx    E Section Name        Object

    0x20000000   0x0800155c   0x0000001d   Data   RW          215    .data               bsp_timer.o
    0x2000001d   0x08001579   0x00000014   Data   RW          763    .data               stm32f10x_rcc.o
    0x20000031   0x0800158d   0x00000003   PAD
    0x20000034   0x08001590   0x00000014   Data   RW         1731    .data               system_stm32f10x.o
    0x20000048   0x080015a4   0x00000004   Data   RW         2049    .data               mc_w.l(stdout.o)
    0x2000004c        -       0x00000030   Zero   RW          213    .bss                bsp_timer.o
    0x2000007c        -       0x00000828   Zero   RW          463    .bss                bsp_uart_fifo.o
    0x200008a4   0x080015a8   0x00000004   PAD
    0x200008a8        -       0x00000400   Zero   RW          600    STACK               startup_stm32f10x_md.o


==============================================================================

Image component sizes


      Code (inc. data)   RO Data    RW Data    ZI Data      Debug   Object Name

        26          0          0          0          0        991   bsp.o
       168         12          0          0          0       1715   bsp_led.o
       584         64          0         29         48      28358   bsp_timer.o
       786         40          0          0       2088       8786   bsp_uart_fifo.o
       458        342          0          0          0     257831   main.o
       132         22          0          0          0       1875   misc.o
        36          8        236          0       1024        848   startup_stm32f10x_md.o
       278          0          0          0          0       2200   stm32f10x_gpio.o
        38          6          0          0          0       4561   stm32f10x_it.o
       276         32          0         20          0       4974   stm32f10x_rcc.o
       246         42          0          0          0       4218   stm32f10x_tim.o
       434          6          0          0          0       6981   stm32f10x_usart.o
       328         28          0         20          0       2569   system_stm32f10x.o

    ----------------------------------------------------------------------
      3806        602        268         72       3164     325907   Object Totals
         0          0         32          0          0          0   (incl. Generated)
        16          0          0          3          4          0   (incl. Padding)

    ----------------------------------------------------------------------

      Code (inc. data)   RO Data    RW Data    ZI Data      Debug   Library Member Name

         0          0          0          0          0          0   entry.o
         0          0          0          0          0          0   entry10a.o
         0          0          0          0          0          0   entry11a.o
         4          0          0          0          0          0   entry12b.o
         8          4          0          0          0          0   entry2.o
         4          0          0          0          0          0   entry5.o
         0          0          0          0          0          0   entry7b.o
         0          0          0          0          0          0   entry8b.o
         8          4          0          0          0          0   entry9a.o
        30          0          0          0          0          0   handlers.o
        36          8          0          0          0         68   init.o
        30          0          0          0          0         68   llshl.o
        32          0          0          0          0         68   llushr.o
      1142         54          0          0          0        352   printf8.o
         0          0          0          4          0          0   stdout.o
        98          0          0          0          0         92   uldiv.o

    ----------------------------------------------------------------------
      1394         70          0          4          0        648   Library Totals
         2          0          0          0          0          0   (incl. Padding)

    ----------------------------------------------------------------------

      Code (inc. data)   RO Data    RW Data    ZI Data      Debug   Library Name

      1392         70          0          4          0        648   mc_w.l

    ----------------------------------------------------------------------
      1394         70          0          4          0        648   Library Totals

    ----------------------------------------------------------------------

==============================================================================


      Code (inc. data)   RO Data    RW Data    ZI Data      Debug   

      5200        672        268         76       3164     323743   Grand Totals
      5200        672        268         76       3164     323743   ELF Image Totals
      5200        672        268         76          0          0   ROM Totals

==============================================================================

    Total RO  Size (Code + RO Data)                 5468 (   5.34kB)
    Total RW  Size (RW Data + ZI Data)              3240 (   3.16kB)
    Total ROM Size (Code + RO Data + RW Data)       5544 (   5.41kB)

==============================================================================

